cargo :    Compiling scrcpyrust v0.1.0 (E:\projects1\scrcpyrust)
At line:1 char:193
+ ... :PATH; Set-Location e:\projects1\scrcpyrust; cargo check 2>&1 | 
Out-F ...
+                                                  ~~~~~~~~~~~~~~~~
    + CategoryInfo          : NotSpecified: (   Compiling sc...ts1\scrc 
   pyrust):String) [], RemoteException
    + FullyQualifiedErrorId : NativeCommandError
 
   Compiling ffmpeg-sys-next v7.1.3
error: failed to run custom build command for `ffmpeg-sys-next v7.1.3`

Caused by:
  process didn't exit successfully: `E:\projects1\scrcpyrust\target\debu
g\build\ffmpeg-sys-next-e2b4580244294e9e\build-script-build` (exit 
code: 101)
  --- stdout
  cargo:rustc-link-search=native=D:\dependency\ffmpeg-8.1-full_build-sha
red\lib
  cargo:rustc-link-lib=dylib=avcodec
  cargo:rustc-link-lib=dylib=avdevice
  cargo:rustc-link-lib=dylib=avfilter
  cargo:rustc-link-lib=dylib=avformat
  cargo:rustc-link-lib=dylib=avutil
  cargo:rustc-link-lib=dylib=swresample
  cargo:rustc-link-lib=dylib=swscale
  cargo:rustc-link-arg=-Wl,--no-as-needed
  cargo:rerun-if-env-changed=VCINSTALLDIR
  VCINSTALLDIR = None
  cargo:rerun-if-env-changed=VSTEL_MSBuildProjectFullPath
  VSTEL_MSBuildProjectFullPath = None
  cargo:rerun-if-env-changed=VCToolsVersion
  VCToolsVersion = None
  cargo:rerun-if-env-changed=VSCMD_ARG_VCVARS_SPECTRE
  VSCMD_ARG_VCVARS_SPECTRE = None
  cargo:rerun-if-env-changed=WindowsSdkDir
  WindowsSdkDir = None
  cargo:rerun-if-env-changed=WindowsSDKVersion
  WindowsSDKVersion = None
  cargo:rerun-if-env-changed=LIB
  LIB = None
  PATH = Some(E:\projects1\scrcpyrust\target\debug\deps;D:\rustup\toolch
ains\stable-x86_64-pc-windows-msvc\lib\rustlib\x86_64-pc-windows-msvc\li
b;D:\cargo\bin;D:\msys64\mingw64\bin;C:\Program Files\Microsoft\jdk-17.0
.18.8-hotspot\bin;C:\Windows\system32;C:\Windows;C:\Windows\System32\Wbe
m;C:\Windows\System32\WindowsPowerShell\v1.0\;C:\Windows\System32\OpenSS
H\;C:\Program Files\NVIDIA Corporation\NVIDIA App\NvDLISR;C:\Program 
Files (x86)\NVIDIA Corporation\PhysX\Common;C:\Program 
Files\PuTTY\;C:\Program Files\dotnet\;C:\Program 
Files\Go\bin;C:\Program Files\nodejs\;D:\Program 
Files\cursor\resources\app\bin;C:\Program Files\Git\cmd;C:\Program Files
\CMake\bin;C:\Users\Nacer\.cargo\bin;C:\Users\Nacer\AppData\Local\Progra
ms\Python\Python311\Scripts\;C:\Users\Nacer\AppData\Local\Programs\Pytho
n\Python311\;C:\Users\Nacer\AppData\Local\Microsoft\WindowsApps;E:\Antig
ravity\bin;C:\Users\Nacer\go\bin;C:\Users\Nacer\AppData\Roaming\npm;C:\U
sers\Nacer\.dotnet\tools;C:\Users\Nacer\AppData\Local\Microsoft\WinGet\L
inks;C:\Program Files\Git\cmd;D:\program files\Ollama;c:\Users\Nacer\.an
tigravity\extensions\vscjava.vscode-java-debug-0.58.5-universal\bundled\
scripts\noConfigScripts;D:\rustup\toolchains\stable-x86_64-pc-windows-ms
vc\bin)
  cargo:rerun-if-env-changed=INCLUDE
  INCLUDE = None
  cargo:rerun-if-env-changed=VCToolsVersion
  VCToolsVersion = None
  cargo:rerun-if-env-changed=CC_x86_64-pc-windows-msvc
  CC_x86_64-pc-windows-msvc = None
  cargo:rerun-if-env-changed=CC_x86_64_pc_windows_msvc
  CC_x86_64_pc_windows_msvc = None
  cargo:rerun-if-env-changed=HOST_CC
  HOST_CC = None
  cargo:rerun-if-env-changed=CC
  CC = None
  cargo:rerun-if-env-changed=CRATE_CC_NO_DEFAULTS
  CRATE_CC_NO_DEFAULTS = None
  cargo:rerun-if-env-changed=CFLAGS
  CFLAGS = None
  cargo:rerun-if-env-changed=HOST_CFLAGS
  HOST_CFLAGS = None
  cargo:rerun-if-env-changed=CFLAGS_x86_64_pc_windows_msvc
  CFLAGS_x86_64_pc_windows_msvc = None
  cargo:rerun-if-env-changed=CFLAGS_x86_64-pc-windows-msvc
  CFLAGS_x86_64-pc-windows-msvc = None
  check.c
  D:\dependency\ffmpeg-8.1-full_build-shared\include\libavutil\common.h(
213): warning C4244: 'return': conversion from 'int' to 'uint8_t', 
possible loss of data
  D:\dependency\ffmpeg-8.1-full_build-shared\include\libavutil\common.h(
224): warning C4244: 'return': conversion from 'int' to 'int8_t', 
possible loss of data
  D:\dependency\ffmpeg-8.1-full_build-shared\include\libavutil\common.h(
235): warning C4244: 'return': conversion from 'int' to 'uint16_t', 
possible loss of data
  D:\dependency\ffmpeg-8.1-full_build-shared\include\libavutil\common.h(
246): warning C4244: 'return': conversion from 'int' to 'int16_t', 
possible loss of data
  stdout of E:\projects1\scrcpyrust\target\debug\build\ffmpeg-sys-next-5
c9dd8b7ca16f0f3\out\check.exe=[FF_API_OLD_AVOPTIONS]00
  [FF_API_PIX_FMT]00
  [FF_API_CONTEXT_SIZE]00
  [FF_API_PIX_FMT_DESC]00
  [FF_API_AV_REVERSE]00
  [FF_API_AUDIOCONVERT]00
  [FF_API_CPU_FLAG_MMX2]00
  [FF_API_LLS_PRIVATE]00
  [FF_API_AVFRAME_LAVC]00
  [FF_API_VDPAU]00
  [FF_API_GET_CHANNEL_LAYOUT_COMPAT]00
  [FF_API_XVMC]00
  [FF_API_OPT_TYPE_METADATA]00
  [FF_API_DLOG]00
  [FF_API_HMAC]00
  [FF_API_VAAPI]00
  [FF_API_PKT_PTS]00
  [FF_API_ERROR_FRAME]00
  [FF_API_FRAME_QP]00
  [FF_API_VIMA_DECODER]00
  [FF_API_REQUEST_CHANNELS]00
  [FF_API_OLD_DECODE_AUDIO]00
  [FF_API_OLD_ENCODE_AUDIO]00
  [FF_API_OLD_ENCODE_VIDEO]00
  [FF_API_CODEC_ID]00
  [FF_API_AUDIO_CONVERT]00
  [FF_API_AVCODEC_RESAMPLE]00
  [FF_API_DEINTERLACE]00
  [FF_API_DESTRUCT_PACKET]00
  [FF_API_GET_BUFFER]00
  [FF_API_MISSING_SAMPLE]00
  [FF_API_LOWRES]00
  [FF_API_CAP_VDPAU]00
  [FF_API_BUFS_VDPAU]00
  [FF_API_VOXWARE]00
  [FF_API_SET_DIMENSIONS]00
  [FF_API_DEBUG_MV]00
  [FF_API_AC_VLC]00
  [FF_API_OLD_MSMPEG4]00
  [FF_API_ASPECT_EXTENDED]00
  [FF_API_THREAD_OPAQUE]00
  [FF_API_CODEC_PKT]00
  [FF_API_ARCH_ALPHA]00
  [FF_API_ERROR_RATE]00
  [FF_API_QSCALE_TYPE]00
  [FF_API_MB_TYPE]00
  [FF_API_MAX_BFRAMES]00
  [FF_API_NEG_LINESIZES]00
  [FF_API_EMU_EDGE]00
  [FF_API_ARCH_SH4]00
  [FF_API_ARCH_SPARC]00
  [FF_API_UNUSED_MEMBERS]00
  [FF_API_IDCT_XVIDMMX]00
  [FF_API_INPUT_PRESERVED]00
  [FF_API_NORMALIZE_AQP]00
  [FF_API_GMC]00
  [FF_API_MV0]00
  [FF_API_CODEC_NAME]00
  [FF_API_AFD]00
  [FF_API_VISMV]00
  [FF_API_DV_FRAME_PROFILE]00
  [FF_API_AUDIOENC_DELAY]00
  [FF_API_VAAPI_CONTEXT]00
  [FF_API_AVCTX_TIMEBASE]00
  [FF_API_MPV_OPT]00
  [FF_API_STREAM_CODEC_TAG]00
  [FF_API_QUANT_BIAS]00
  [FF_API_RC_STRATEGY]00
  [FF_API_CODED_FRAME]00
  [FF_API_MOTION_EST]00
  [FF_API_WITHOUT_PREFIX]00
  [FF_API_CONVERGENCE_DURATION]00
  [FF_API_PRIVATE_OPT]00
  [FF_API_CODER_TYPE]00
  [FF_API_RTP_CALLBACK]00
  [FF_API_STAT_BITS]00
  [FF_API_VBV_DELAY]00
  [FF_API_SIDEDATA_ONLY_PKT]00
  [FF_API_AVPICTURE]00
  [FF_API_LAVF_BITEXACT]00
  [FF_API_LAVF_FRAC]00
  [FF_API_URL_FEOF]00
  [FF_API_PROBESIZE_32]00
  [FF_API_LAVF_AVCTX]00
  [FF_API_OLD_OPEN_CALLBACKS]00
  [FF_API_AVFILTERPAD_PUBLIC]00
  [FF_API_FOO_COUNT]00
  [FF_API_OLD_FILTER_OPTS]00
  [FF_API_OLD_FILTER_OPTS_ERROR]00
  [FF_API_AVFILTER_OPEN]00
  [FF_API_OLD_FILTER_REGISTER]00
  [FF_API_OLD_GRAPH_PARSE]00
  [FF_API_NOCONST_GET_NAME]00
  [FF_API_SWS_CPU_CAPS]00
  [FF_API_ARCH_BFIN]00
  [avcodec_version_greater_than_56_0]1
  [avcodec_version_greater_than_56_1]1
  [avcodec_version_greater_than_56_2]1
  [avcodec_version_greater_than_56_3]1
  [avcodec_version_greater_than_56_4]1
  [avcodec_version_greater_than_56_5]1
  [avcodec_version_greater_than_56_6]1
  [avcodec_version_greater_than_56_7]1
  [avcodec_version_greater_than_56_8]1
  [avcodec_version_greater_than_56_9]1
  [avcodec_version_greater_than_56_10]1
  [avcodec_version_greater_than_56_11]1
  [avcodec_version_greater_than_56_12]1
  [avcodec_version_greater_than_56_13]1
  [avcodec_version_greater_than_56_14]1
  [avcodec_version_greater_than_56_15]1
  [avcodec_version_greater_than_56_16]1
  [avcodec_version_greater_than_56_17]1
  [avcodec_version_greater_than_56_18]1
  [avcodec_version_greater_than_56_19]1
  [avcodec_version_greater_than_56_20]1
  [avcodec_version_greater_than_56_21]1
  [avcodec_version_greater_than_56_22]1
  [avcodec_version_greater_than_56_23]1
  [avcodec_version_greater_than_56_24]1
  [avcodec_version_greater_than_56_25]1
  [avcodec_version_greater_than_56_26]1
  [avcodec_version_greater_than_56_27]1
  [avcodec_version_greater_than_56_28]1
  [avcodec_version_greater_than_56_29]1
  [avcodec_version_greater_than_56_30]1
  [avcodec_version_greater_than_56_31]1
  [avcodec_version_greater_than_56_32]1
  [avcodec_version_greater_than_56_33]1
  [avcodec_version_greater_than_56_34]1
  [avcodec_version_greater_than_56_35]1
  [avcodec_version_greater_than_56_36]1
  [avcodec_version_greater_than_56_37]1
  [avcodec_version_greater_than_56_38]1
  [avcodec_version_greater_than_56_39]1
  [avcodec_version_greater_than_56_40]1
  [avcodec_version_greater_than_56_41]1
  [avcodec_version_greater_than_56_42]1
  [avcodec_version_greater_than_56_43]1
  [avcodec_version_greater_than_56_44]1
  [avcodec_version_greater_than_56_45]1
  [avcodec_version_greater_than_56_46]1
  [avcodec_version_greater_than_56_47]1
  [avcodec_version_greater_than_56_48]1
  [avcodec_version_greater_than_56_49]1
  [avcodec_version_greater_than_56_50]1
  [avcodec_version_greater_than_56_51]1
  [avcodec_version_greater_than_56_52]1
  [avcodec_version_greater_than_56_53]1
  [avcodec_version_greater_than_56_54]1
  [avcodec_version_greater_than_56_55]1
  [avcodec_version_greater_than_56_56]1
  [avcodec_version_greater_than_56_57]1
  [avcodec_version_greater_than_56_58]1
  [avcodec_version_greater_than_56_59]1
  [avcodec_version_greater_than_56_60]1
  [avcodec_version_greater_than_56_61]1
  [avcodec_version_greater_than_56_62]1
  [avcodec_version_greater_than_56_63]1
  [avcodec_version_greater_than_56_64]1
  [avcodec_version_greater_than_56_65]1
  [avcodec_version_greater_than_56_66]1
  [avcodec_version_greater_than_56_67]1
  [avcodec_version_greater_than_56_68]1
  [avcodec_version_greater_than_56_69]1
  [avcodec_version_greater_than_56_70]1
  [avcodec_version_greater_than_56_71]1
  [avcodec_version_greater_than_56_72]1
  [avcodec_version_greater_than_56_73]1
  [avcodec_version_greater_than_56_74]1
  [avcodec_version_greater_than_56_75]1
  [avcodec_version_greater_than_56_76]1
  [avcodec_version_greater_than_56_77]1
  [avcodec_version_greater_than_56_78]1
  [avcodec_version_greater_than_56_79]1
  [avcodec_version_greater_than_56_80]1
  [avcodec_version_greater_than_56_81]1
  [avcodec_version_greater_than_56_82]1
  [avcodec_version_greater_than_56_83]1
  [avcodec_version_greater_than_56_84]1
  [avcodec_version_greater_than_56_85]1
  [avcodec_version_greater_than_56_86]1
  [avcodec_version_greater_than_56_87]1
  [avcodec_version_greater_than_56_88]1
  [avcodec_version_greater_than_56_89]1
  [avcodec_version_greater_than_56_90]1
  [avcodec_version_greater_than_56_91]1
  [avcodec_version_greater_than_56_92]1
  [avcodec_version_greater_than_56_93]1
  [avcodec_version_greater_than_56_94]1
  [avcodec_version_greater_than_56_95]1
  [avcodec_version_greater_than_56_96]1
  [avcodec_version_greater_than_56_97]1
  [avcodec_version_greater_than_56_98]1
  [avcodec_version_greater_than_56_99]1
  [avcodec_version_greater_than_56_100]1
  [avcodec_version_greater_than_56_101]1
  [avcodec_version_greater_than_56_102]1
  [avcodec_version_greater_than_56_103]1
  [avcodec_version_greater_than_56_104]1
  [avcodec_version_greater_than_56_105]1
  [avcodec_version_greater_than_56_106]1
  [avcodec_version_greater_than_56_107]1
  [avcodec_version_greater_than_57_0]1
  [avcodec_version_greater_than_57_1]1
  [avcodec_version_greater_than_57_2]1
  [avcodec_version_greater_than_57_3]1
  [avcodec_version_greater_than_57_4]1
  [avcodec_version_greater_than_57_5]1
  [avcodec_version_greater_than_57_6]1
  [avcodec_version_greater_than_57_7]1
  [avcodec_version_greater_than_57_8]1
  [avcodec_version_greater_than_57_9]1
  [avcodec_version_greater_than_57_10]1
  [avcodec_version_greater_than_57_11]1
  [avcodec_version_greater_than_57_12]1
  [avcodec_version_greater_than_57_13]1
  [avcodec_version_greater_than_57_14]1
  [avcodec_version_greater_than_57_15]1
  [avcodec_version_greater_than_57_16]1
  [avcodec_version_greater_than_57_17]1
  [avcodec_version_greater_than_57_18]1
  [avcodec_version_greater_than_57_19]1
  [avcodec_version_greater_than_57_20]1
  [avcodec_version_greater_than_57_21]1
  [avcodec_version_greater_than_57_22]1
  [avcodec_version_greater_than_57_23]1
  [avcodec_version_greater_than_57_24]1
  [avcodec_version_greater_than_57_25]1
  [avcodec_version_greater_than_57_26]1
  [avcodec_version_greater_than_57_27]1
  [avcodec_version_greater_than_57_28]1
  [avcodec_version_greater_than_57_29]1
  [avcodec_version_greater_than_57_30]1
  [avcodec_version_greater_than_57_31]1
  [avcodec_version_greater_than_57_32]1
  [avcodec_version_greater_than_57_33]1
  [avcodec_version_greater_than_57_34]1
  [avcodec_version_greater_than_57_35]1
  [avcodec_version_greater_than_57_36]1
  [avcodec_version_greater_than_57_37]1
  [avcodec_version_greater_than_57_38]1
  [avcodec_version_greater_than_57_39]1
  [avcodec_version_greater_than_57_40]1
  [avcodec_version_greater_than_57_41]1
  [avcodec_version_greater_than_57_42]1
  [avcodec_version_greater_than_57_43]1
  [avcodec_version_greater_than_57_44]1
  [avcodec_version_greater_than_57_45]1
  [avcodec_version_greater_than_57_46]1
  [avcodec_version_greater_than_57_47]1
  [avcodec_version_greater_than_57_48]1
  [avcodec_version_greater_than_57_49]1
  [avcodec_version_greater_than_57_50]1
  [avcodec_version_greater_than_57_51]1
  [avcodec_version_greater_than_57_52]1
  [avcodec_version_greater_than_57_53]1
  [avcodec_version_greater_than_57_54]1
  [avcodec_version_greater_than_57_55]1
  [avcodec_version_greater_than_57_56]1
  [avcodec_version_greater_than_57_57]1
  [avcodec_version_greater_than_57_58]1
  [avcodec_version_greater_than_57_59]1
  [avcodec_version_greater_than_57_60]1
  [avcodec_version_greater_than_57_61]1
  [avcodec_version_greater_than_57_62]1
  [avcodec_version_greater_than_57_63]1
  [avcodec_version_greater_than_57_64]1
  [avcodec_version_greater_than_57_65]1
  [avcodec_version_greater_than_57_66]1
  [avcodec_version_greater_than_57_67]1
  [avcodec_version_greater_than_57_68]1
  [avcodec_version_greater_than_57_69]1
  [avcodec_version_greater_than_57_70]1
  [avcodec_version_greater_than_57_71]1
  [avcodec_version_greater_than_57_72]1
  [avcodec_version_greater_than_57_73]1
  [avcodec_version_greater_than_57_74]1
  [avcodec_version_greater_than_57_75]1
  [avcodec_version_greater_than_57_76]1
  [avcodec_version_greater_than_57_77]1
  [avcodec_version_greater_than_57_78]1
  [avcodec_version_greater_than_57_79]1
  [avcodec_version_greater_than_57_80]1
  [avcodec_version_greater_than_57_81]1
  [avcodec_version_greater_than_57_82]1
  [avcodec_version_greater_than_57_83]1
  [avcodec_version_greater_than_57_84]1
  [avcodec_version_greater_than_57_85]1
  [avcodec_version_greater_than_57_86]1
  [avcodec_version_greater_than_57_87]1
  [avcodec_version_greater_than_57_88]1
  [avcodec_version_greater_than_57_89]1
  [avcodec_version_greater_than_57_90]1
  [avcodec_version_greater_than_57_91]1
  [avcodec_version_greater_than_57_92]1
  [avcodec_version_greater_than_57_93]1
  [avcodec_version_greater_than_57_94]1
  [avcodec_version_greater_than_57_95]1
  [avcodec_version_greater_than_57_96]1
  [avcodec_version_greater_than_57_97]1
  [avcodec_version_greater_than_57_98]1
  [avcodec_version_greater_than_57_99]1
  [avcodec_version_greater_than_57_100]1
  [avcodec_version_greater_than_57_101]1
  [avcodec_version_greater_than_57_102]1
  [avcodec_version_greater_than_57_103]1
  [avcodec_version_greater_than_57_104]1
  [avcodec_version_greater_than_57_105]1
  [avcodec_version_greater_than_57_106]1
  [avcodec_version_greater_than_57_107]1
  [avcodec_version_greater_than_58_0]1
  [avcodec_version_greater_than_58_1]1
  [avcodec_version_greater_than_58_2]1
  [avcodec_version_greater_than_58_3]1
  [avcodec_version_greater_than_58_4]1
  [avcodec_version_greater_than_58_5]1
  [avcodec_version_greater_than_58_6]1
  [avcodec_version_greater_than_58_7]1
  [avcodec_version_greater_than_58_8]1
  [avcodec_version_greater_than_58_9]1
  [avcodec_version_greater_than_58_10]1
  [avcodec_version_greater_than_58_11]1
  [avcodec_version_greater_than_58_12]1
  [avcodec_version_greater_than_58_13]1
  [avcodec_version_greater_than_58_14]1
  [avcodec_version_greater_than_58_15]1
  [avcodec_version_greater_than_58_16]1
  [avcodec_version_greater_than_58_17]1
  [avcodec_version_greater_than_58_18]1
  [avcodec_version_greater_than_58_19]1
  [avcodec_version_greater_than_58_20]1
  [avcodec_version_greater_than_58_21]1
  [avcodec_version_greater_than_58_22]1
  [avcodec_version_greater_than_58_23]1
  [avcodec_version_greater_than_58_24]1
  [avcodec_version_greater_than_58_25]1
  [avcodec_version_greater_than_58_26]1
  [avcodec_version_greater_than_58_27]1
  [avcodec_version_greater_than_58_28]1
  [avcodec_version_greater_than_58_29]1
  [avcodec_version_greater_than_58_30]1
  [avcodec_version_greater_than_58_31]1
  [avcodec_version_greater_than_58_32]1
  [avcodec_version_greater_than_58_33]1
  [avcodec_version_greater_than_58_34]1
  [avcodec_version_greater_than_58_35]1
  [avcodec_version_greater_than_58_36]1
  [avcodec_version_greater_than_58_37]1
  [avcodec_version_greater_than_58_38]1
  [avcodec_version_greater_than_58_39]1
  [avcodec_version_greater_than_58_40]1
  [avcodec_version_greater_than_58_41]1
  [avcodec_version_greater_than_58_42]1
  [avcodec_version_greater_than_58_43]1
  [avcodec_version_greater_than_58_44]1
  [avcodec_version_greater_than_58_45]1
  [avcodec_version_greater_than_58_46]1
  [avcodec_version_greater_than_58_47]1
  [avcodec_version_greater_than_58_48]1
  [avcodec_version_greater_than_58_49]1
  [avcodec_version_greater_than_58_50]1
  [avcodec_version_greater_than_58_51]1
  [avcodec_version_greater_than_58_52]1
  [avcodec_version_greater_than_58_53]1
  [avcodec_version_greater_than_58_54]1
  [avcodec_version_greater_than_58_55]1
  [avcodec_version_greater_than_58_56]1
  [avcodec_version_greater_than_58_57]1
  [avcodec_version_greater_than_58_58]1
  [avcodec_version_greater_than_58_59]1
  [avcodec_version_greater_than_58_60]1
  [avcodec_version_greater_than_58_61]1
  [avcodec_version_greater_than_58_62]1
  [avcodec_version_greater_than_58_63]1
  [avcodec_version_greater_than_58_64]1
  [avcodec_version_greater_than_58_65]1
  [avcodec_version_greater_than_58_66]1
  [avcodec_version_greater_than_58_67]1
  [avcodec_version_greater_than_58_68]1
  [avcodec_version_greater_than_58_69]1
  [avcodec_version_greater_than_58_70]1
  [avcodec_version_greater_than_58_71]1
  [avcodec_version_greater_than_58_72]1
  [avcodec_version_greater_than_58_73]1
  [avcodec_version_greater_than_58_74]1
  [avcodec_version_greater_than_58_75]1
  [avcodec_version_greater_than_58_76]1
  [avcodec_version_greater_than_58_77]1
  [avcodec_version_greater_than_58_78]1
  [avcodec_version_greater_than_58_79]1
  [avcodec_version_greater_than_58_80]1
  [avcodec_version_greater_than_58_81]1
  [avcodec_version_greater_than_58_82]1
  [avcodec_version_greater_than_58_83]1
  [avcodec_version_greater_than_58_84]1
  [avcodec_version_greater_than_58_85]1
  [avcodec_version_greater_than_58_86]1
  [avcodec_version_greater_than_58_87]1
  [avcodec_version_greater_than_58_88]1
  [avcodec_version_greater_than_58_89]1
  [avcodec_version_greater_than_58_90]1
  [avcodec_version_greater_than_58_91]1
  [avcodec_version_greater_than_58_92]1
  [avcodec_version_greater_than_58_93]1
  [avcodec_version_greater_than_58_94]1
  [avcodec_version_greater_than_58_95]1
  [avcodec_version_greater_than_58_96]1
  [avcodec_version_greater_than_58_97]1
  [avcodec_version_greater_than_58_98]1
  [avcodec_version_greater_than_58_99]1
  [avcodec_version_greater_than_58_100]1
  [avcodec_version_greater_than_58_101]1
  [avcodec_version_greater_than_58_102]1
  [avcodec_version_greater_than_58_103]1
  [avcodec_version_greater_than_58_104]1
  [avcodec_version_greater_than_58_105]1
  [avcodec_version_greater_than_58_106]1
  [avcodec_version_greater_than_58_107]1
  [avcodec_version_greater_than_59_0]1
  [avcodec_version_greater_than_59_1]1
  [avcodec_version_greater_than_59_2]1
  [avcodec_version_greater_than_59_3]1
  [avcodec_version_greater_than_59_4]1
  [avcodec_version_greater_than_59_5]1
  [avcodec_version_greater_than_59_6]1
  [avcodec_version_greater_than_59_7]1
  [avcodec_version_greater_than_59_8]1
  [avcodec_version_greater_than_59_9]1
  [avcodec_version_greater_than_59_10]1
  [avcodec_version_greater_than_59_11]1
  [avcodec_version_greater_than_59_12]1
  [avcodec_version_greater_than_59_13]1
  [avcodec_version_greater_than_59_14]1
  [avcodec_version_greater_than_59_15]1
  [avcodec_version_greater_than_59_16]1
  [avcodec_version_greater_than_59_17]1
  [avcodec_version_greater_than_59_18]1
  [avcodec_version_greater_than_59_19]1
  [avcodec_version_greater_than_59_20]1
  [avcodec_version_greater_than_59_21]1
  [avcodec_version_greater_than_59_22]1
  [avcodec_version_greater_than_59_23]1
  [avcodec_version_greater_than_59_24]1
  [avcodec_version_greater_than_59_25]1
  [avcodec_version_greater_than_59_26]1
  [avcodec_version_greater_than_59_27]1
  [avcodec_version_greater_than_59_28]1
  [avcodec_version_greater_than_59_29]1
  [avcodec_version_greater_than_59_30]1
  [avcodec_version_greater_than_59_31]1
  [avcodec_version_greater_than_59_32]1
  [avcodec_version_greater_than_59_33]1
  [avcodec_version_greater_than_59_34]1
  [avcodec_version_greater_than_59_35]1
  [avcodec_version_greater_than_59_36]1
  [avcodec_version_greater_than_59_37]1
  [avcodec_version_greater_than_59_38]1
  [avcodec_version_greater_than_59_39]1
  [avcodec_version_greater_than_59_40]1
  [avcodec_version_greater_than_59_41]1
  [avcodec_version_greater_than_59_42]1
  [avcodec_version_greater_than_59_43]1
  [avcodec_version_greater_than_59_44]1
  [avcodec_version_greater_than_59_45]1
  [avcodec_version_greater_than_59_46]1
  [avcodec_version_greater_than_59_47]1
  [avcodec_version_greater_than_59_48]1
  [avcodec_version_greater_than_59_49]1
  [avcodec_version_greater_than_59_50]1
  [avcodec_version_greater_than_59_51]1
  [avcodec_version_greater_than_59_52]1
  [avcodec_version_greater_than_59_53]1
  [avcodec_version_greater_than_59_54]1
  [avcodec_version_greater_than_59_55]1
  [avcodec_version_greater_than_59_56]1
  [avcodec_version_greater_than_59_57]1
  [avcodec_version_greater_than_59_58]1
  [avcodec_version_greater_than_59_59]1
  [avcodec_version_greater_than_59_60]1
  [avcodec_version_greater_than_59_61]1
  [avcodec_version_greater_than_59_62]1
  [avcodec_version_greater_than_59_63]1
  [avcodec_version_greater_than_59_64]1
  [avcodec_version_greater_than_59_65]1
  [avcodec_version_greater_than_59_66]1
  [avcodec_version_greater_than_59_67]1
  [avcodec_version_greater_than_59_68]1
  [avcodec_version_greater_than_59_69]1
  [avcodec_version_greater_than_59_70]1
  [avcodec_version_greater_than_59_71]1
  [avcodec_version_greater_than_59_72]1
  [avcodec_version_greater_than_59_73]1
  [avcodec_version_greater_than_59_74]1
  [avcodec_version_greater_than_59_75]1
  [avcodec_version_greater_than_59_76]1
  [avcodec_version_greater_than_59_77]1
  [avcodec_version_greater_than_59_78]1
  [avcodec_version_greater_than_59_79]1
  [avcodec_version_greater_than_59_80]1
  [avcodec_version_greater_than_59_81]1
  [avcodec_version_greater_than_59_82]1
  [avcodec_version_greater_than_59_83]1
  [avcodec_version_greater_than_59_84]1
  [avcodec_version_greater_than_59_85]1
  [avcodec_version_greater_than_59_86]1
  [avcodec_version_greater_than_59_87]1
  [avcodec_version_greater_than_59_88]1
  [avcodec_version_greater_than_59_89]1
  [avcodec_version_greater_than_59_90]1
  [avcodec_version_greater_than_59_91]1
  [avcodec_version_greater_than_59_92]1
  [avcodec_version_greater_than_59_93]1
  [avcodec_version_greater_than_59_94]1
  [avcodec_version_greater_than_59_95]1
  [avcodec_version_greater_than_59_96]1
  [avcodec_version_greater_than_59_97]1
  [avcodec_version_greater_than_59_98]1
  [avcodec_version_greater_than_59_99]1
  [avcodec_version_greater_than_59_100]1
  [avcodec_version_greater_than_59_101]1
  [avcodec_version_greater_than_59_102]1
  [avcodec_version_greater_than_59_103]1
  [avcodec_version_greater_than_59_104]1
  [avcodec_version_greater_than_59_105]1
  [avcodec_version_greater_than_59_106]1
  [avcodec_version_greater_than_59_107]1
  [avcodec_version_greater_than_60_0]1
  [avcodec_version_greater_than_60_1]1
  [avcodec_version_greater_than_60_2]1
  [avcodec_version_greater_than_60_3]1
  [avcodec_version_greater_than_60_4]1
  [avcodec_version_greater_than_60_5]1
  [avcodec_version_greater_than_60_6]1
  [avcodec_version_greater_than_60_7]1
  [avcodec_version_greater_than_60_8]1
  [avcodec_version_greater_than_60_9]1
  [avcodec_version_greater_than_60_10]1
  [avcodec_version_greater_than_60_11]1
  [avcodec_version_greater_than_60_12]1
  [avcodec_version_greater_than_60_13]1
  [avcodec_version_greater_than_60_14]1
  [avcodec_version_greater_than_60_15]1
  [avcodec_version_greater_than_60_16]1
  [avcodec_version_greater_than_60_17]1
  [avcodec_version_greater_than_60_18]1
  [avcodec_version_greater_than_60_19]1
  [avcodec_version_greater_than_60_20]1
  [avcodec_version_greater_than_60_21]1
  [avcodec_version_greater_than_60_22]1
  [avcodec_version_greater_than_60_23]1
  [avcodec_version_greater_than_60_24]1
  [avcodec_version_greater_than_60_25]1
  [avcodec_version_greater_than_60_26]1
  [avcodec_version_greater_than_60_27]1
  [avcodec_version_greater_than_60_28]1
  [avcodec_version_greater_than_60_29]1
  [avcodec_version_greater_than_60_30]1
  [avcodec_version_greater_than_60_31]1
  [avcodec_version_greater_than_60_32]1
  [avcodec_version_greater_than_60_33]1
  [avcodec_version_greater_than_60_34]1
  [avcodec_version_greater_than_60_35]1
  [avcodec_version_greater_than_60_36]1
  [avcodec_version_greater_than_60_37]1
  [avcodec_version_greater_than_60_38]1
  [avcodec_version_greater_than_60_39]1
  [avcodec_version_greater_than_60_40]1
  [avcodec_version_greater_than_60_41]1
  [avcodec_version_greater_than_60_42]1
  [avcodec_version_greater_than_60_43]1
  [avcodec_version_greater_than_60_44]1
  [avcodec_version_greater_than_60_45]1
  [avcodec_version_greater_than_60_46]1
  [avcodec_version_greater_than_60_47]1
  [avcodec_version_greater_than_60_48]1
  [avcodec_version_greater_than_60_49]1
  [avcodec_version_greater_than_60_50]1
  [avcodec_version_greater_than_60_51]1
  [avcodec_version_greater_than_60_52]1
  [avcodec_version_greater_than_60_53]1
  [avcodec_version_greater_than_60_54]1
  [avcodec_version_greater_than_60_55]1
  [avcodec_version_greater_than_60_56]1
  [avcodec_version_greater_than_60_57]1
  [avcodec_version_greater_than_60_58]1
  [avcodec_version_greater_than_60_59]1
  [avcodec_version_greater_than_60_60]1
  [avcodec_version_greater_than_60_61]1
  [avcodec_version_greater_than_60_62]1
  [avcodec_version_greater_than_60_63]1
  [avcodec_version_greater_than_60_64]1
  [avcodec_version_greater_than_60_65]1
  [avcodec_version_greater_than_60_66]1
  [avcodec_version_greater_than_60_67]1
  [avcodec_version_greater_than_60_68]1
  [avcodec_version_greater_than_60_69]1
  [avcodec_version_greater_than_60_70]1
  [avcodec_version_greater_than_60_71]1
  [avcodec_version_greater_than_60_72]1
  [avcodec_version_greater_than_60_73]1
  [avcodec_version_greater_than_60_74]1
  [avcodec_version_greater_than_60_75]1
  [avcodec_version_greater_than_60_76]1
  [avcodec_version_greater_than_60_77]1
  [avcodec_version_greater_than_60_78]1
  [avcodec_version_greater_than_60_79]1
  [avcodec_version_greater_than_60_80]1
  [avcodec_version_greater_than_60_81]1
  [avcodec_version_greater_than_60_82]1
  [avcodec_version_greater_than_60_83]1
  [avcodec_version_greater_than_60_84]1
  [avcodec_version_greater_than_60_85]1
  [avcodec_version_greater_than_60_86]1
  [avcodec_version_greater_than_60_87]1
  [avcodec_version_greater_than_60_88]1
  [avcodec_version_greater_than_60_89]1
  [avcodec_version_greater_than_60_90]1
  [avcodec_version_greater_than_60_91]1
  [avcodec_version_greater_than_60_92]1
  [avcodec_version_greater_than_60_93]1
  [avcodec_version_greater_than_60_94]1
  [avcodec_version_greater_than_60_95]1
  [avcodec_version_greater_than_60_96]1
  [avcodec_version_greater_than_60_97]1
  [avcodec_version_greater_than_60_98]1
  [avcodec_version_greater_than_60_99]1
  [avcodec_version_greater_than_60_100]1
  [avcodec_version_greater_than_60_101]1
  [avcodec_version_greater_than_60_102]1
  [avcodec_version_greater_than_60_103]1
  [avcodec_version_greater_than_60_104]1
  [avcodec_version_greater_than_60_105]1
  [avcodec_version_greater_than_60_106]1
  [avcodec_version_greater_than_60_107]1
  [avcodec_version_greater_than_61_0]1
  [avcodec_version_greater_than_61_1]1
  [avcodec_version_greater_than_61_2]1
  [avcodec_version_greater_than_61_3]1
  [avcodec_version_greater_than_61_4]1
  [avcodec_version_greater_than_61_5]1
  [avcodec_version_greater_than_61_6]1
  [avcodec_version_greater_than_61_7]1
  [avcodec_version_greater_than_61_8]1
  [avcodec_version_greater_than_61_9]1
  [avcodec_version_greater_than_61_10]1
  [avcodec_version_greater_than_61_11]1
  [avcodec_version_greater_than_61_12]1
  [avcodec_version_greater_than_61_13]1
  [avcodec_version_greater_than_61_14]1
  [avcodec_version_greater_than_61_15]1
  [avcodec_version_greater_than_61_16]1
  [avcodec_version_greater_than_61_17]1
  [avcodec_version_greater_than_61_18]1
  [avcodec_version_greater_than_61_19]1
  [avcodec_version_greater_than_61_20]1
  [avcodec_version_greater_than_61_21]1
  [avcodec_version_greater_than_61_22]1
  [avcodec_version_greater_than_61_23]1
  [avcodec_version_greater_than_61_24]1
  [avcodec_version_greater_than_61_25]1
  [avcodec_version_greater_than_61_26]1
  [avcodec_version_greater_than_61_27]1
  [avcodec_version_greater_than_61_28]1
  [avcodec_version_greater_than_61_29]1
  [avcodec_version_greater_than_61_30]1
  [avcodec_version_greater_than_61_31]1
  [avcodec_version_greater_than_61_32]1
  [avcodec_version_greater_than_61_33]1
  [avcodec_version_greater_than_61_34]1
  [avcodec_version_greater_than_61_35]1
  [avcodec_version_greater_than_61_36]1
  [avcodec_version_greater_than_61_37]1
  [avcodec_version_greater_than_61_38]1
  [avcodec_version_greater_than_61_39]1
  [avcodec_version_greater_than_61_40]1
  [avcodec_version_greater_than_61_41]1
  [avcodec_version_greater_than_61_42]1
  [avcodec_version_greater_than_61_43]1
  [avcodec_version_greater_than_61_44]1
  [avcodec_version_greater_than_61_45]1
  [avcodec_version_greater_than_61_46]1
  [avcodec_version_greater_than_61_47]1
  [avcodec_version_greater_than_61_48]1
  [avcodec_version_greater_than_61_49]1
  [avcodec_version_greater_than_61_50]1
  [avcodec_version_greater_than_61_51]1
  [avcodec_version_greater_than_61_52]1
  [avcodec_version_greater_than_61_53]1
  [avcodec_version_greater_than_61_54]1
  [avcodec_version_greater_than_61_55]1
  [avcodec_version_greater_than_61_56]1
  [avcodec_version_greater_than_61_57]1
  [avcodec_version_greater_than_61_58]1
  [avcodec_version_greater_than_61_59]1
  [avcodec_version_greater_than_61_60]1
  [avcodec_version_greater_than_61_61]1
  [avcodec_version_greater_than_61_62]1
  [avcodec_version_greater_than_61_63]1
  [avcodec_version_greater_than_61_64]1
  [avcodec_version_greater_than_61_65]1
  [avcodec_version_greater_than_61_66]1
  [avcodec_version_greater_than_61_67]1
  [avcodec_version_greater_than_61_68]1
  [avcodec_version_greater_than_61_69]1
  [avcodec_version_greater_than_61_70]1
  [avcodec_version_greater_than_61_71]1
  [avcodec_version_greater_than_61_72]1
  [avcodec_version_greater_than_61_73]1
  [avcodec_version_greater_than_61_74]1
  [avcodec_version_greater_than_61_75]1
  [avcodec_version_greater_than_61_76]1
  [avcodec_version_greater_than_61_77]1
  [avcodec_version_greater_than_61_78]1
  [avcodec_version_greater_than_61_79]1
  [avcodec_version_greater_than_61_80]1
  [avcodec_version_greater_than_61_81]1
  [avcodec_version_greater_than_61_82]1
  [avcodec_version_greater_than_61_83]1
  [avcodec_version_greater_than_61_84]1
  [avcodec_version_greater_than_61_85]1
  [avcodec_version_greater_than_61_86]1
  [avcodec_version_greater_than_61_87]1
  [avcodec_version_greater_than_61_88]1
  [avcodec_version_greater_than_61_89]1
  [avcodec_version_greater_than_61_90]1
  [avcodec_version_greater_than_61_91]1
  [avcodec_version_greater_than_61_92]1
  [avcodec_version_greater_than_61_93]1
  [avcodec_version_greater_than_61_94]1
  [avcodec_version_greater_than_61_95]1
  [avcodec_version_greater_than_61_96]1
  [avcodec_version_greater_than_61_97]1
  [avcodec_version_greater_than_61_98]1
  [avcodec_version_greater_than_61_99]1
  [avcodec_version_greater_than_61_100]1
  [avcodec_version_greater_than_61_101]1
  [avcodec_version_greater_than_61_102]1
  [avcodec_version_greater_than_61_103]1
  [avcodec_version_greater_than_61_104]1
  [avcodec_version_greater_than_61_105]1
  [avcodec_version_greater_than_61_106]1
  [avcodec_version_greater_than_61_107]1

  cargo:FF_API_OLD_AVOPTIONS=
  cargo:FF_API_PIX_FMT=
  cargo:FF_API_CONTEXT_SIZE=
  cargo:FF_API_PIX_FMT_DESC=
  cargo:FF_API_AV_REVERSE=
  cargo:FF_API_AUDIOCONVERT=
  cargo:FF_API_CPU_FLAG_MMX2=
  cargo:FF_API_LLS_PRIVATE=
  cargo:FF_API_AVFRAME_LAVC=
  cargo:FF_API_VDPAU=
  cargo:FF_API_GET_CHANNEL_LAYOUT_COMPAT=
  cargo:FF_API_XVMC=
  cargo:FF_API_OPT_TYPE_METADATA=
  cargo:FF_API_DLOG=
  cargo:FF_API_HMAC=
  cargo:FF_API_VAAPI=
  cargo:FF_API_PKT_PTS=
  cargo:FF_API_ERROR_FRAME=
  cargo:FF_API_FRAME_QP=
  cargo:FF_API_VIMA_DECODER=
  cargo:FF_API_REQUEST_CHANNELS=
  cargo:FF_API_OLD_DECODE_AUDIO=
  cargo:FF_API_OLD_ENCODE_AUDIO=
  cargo:FF_API_OLD_ENCODE_VIDEO=
  cargo:FF_API_CODEC_ID=
  cargo:FF_API_AUDIO_CONVERT=
  cargo:FF_API_AVCODEC_RESAMPLE=
  cargo:FF_API_DEINTERLACE=
  cargo:FF_API_DESTRUCT_PACKET=
  cargo:FF_API_GET_BUFFER=
  cargo:FF_API_MISSING_SAMPLE=
  cargo:FF_API_LOWRES=
  cargo:FF_API_CAP_VDPAU=
  cargo:FF_API_BUFS_VDPAU=
  cargo:FF_API_VOXWARE=
  cargo:FF_API_SET_DIMENSIONS=
  cargo:FF_API_DEBUG_MV=
  cargo:FF_API_AC_VLC=
  cargo:FF_API_OLD_MSMPEG4=
  cargo:FF_API_ASPECT_EXTENDED=
  cargo:FF_API_THREAD_OPAQUE=
  cargo:FF_API_CODEC_PKT=
  cargo:FF_API_ARCH_ALPHA=
  cargo:FF_API_ERROR_RATE=
  cargo:FF_API_QSCALE_TYPE=
  cargo:FF_API_MB_TYPE=
  cargo:FF_API_MAX_BFRAMES=
  cargo:FF_API_NEG_LINESIZES=
  cargo:FF_API_EMU_EDGE=
  cargo:FF_API_ARCH_SH4=
  cargo:FF_API_ARCH_SPARC=
  cargo:FF_API_UNUSED_MEMBERS=
  cargo:FF_API_IDCT_XVIDMMX=
  cargo:FF_API_INPUT_PRESERVED=
  cargo:FF_API_NORMALIZE_AQP=
  cargo:FF_API_GMC=
  cargo:FF_API_MV0=
  cargo:FF_API_CODEC_NAME=
  cargo:FF_API_AFD=
  cargo:FF_API_VISMV=
  cargo:FF_API_DV_FRAME_PROFILE=
  cargo:FF_API_AUDIOENC_DELAY=
  cargo:FF_API_VAAPI_CONTEXT=
  cargo:FF_API_AVCTX_TIMEBASE=
  cargo:FF_API_MPV_OPT=
  cargo:FF_API_STREAM_CODEC_TAG=
  cargo:FF_API_QUANT_BIAS=
  cargo:FF_API_RC_STRATEGY=
  cargo:FF_API_CODED_FRAME=
  cargo:FF_API_MOTION_EST=
  cargo:FF_API_WITHOUT_PREFIX=
  cargo:FF_API_CONVERGENCE_DURATION=
  cargo:FF_API_PRIVATE_OPT=
  cargo:FF_API_CODER_TYPE=
  cargo:FF_API_RTP_CALLBACK=
  cargo:FF_API_STAT_BITS=
  cargo:FF_API_VBV_DELAY=
  cargo:FF_API_SIDEDATA_ONLY_PKT=
  cargo:FF_API_AVPICTURE=
  cargo:FF_API_LAVF_BITEXACT=
  cargo:FF_API_LAVF_FRAC=
  cargo:FF_API_URL_FEOF=
  cargo:FF_API_PROBESIZE_32=
  cargo:FF_API_LAVF_AVCTX=
  cargo:FF_API_OLD_OPEN_CALLBACKS=
  cargo:FF_API_AVFILTERPAD_PUBLIC=
  cargo:FF_API_FOO_COUNT=
  cargo:FF_API_OLD_FILTER_OPTS=
  cargo:FF_API_OLD_FILTER_OPTS_ERROR=
  cargo:FF_API_AVFILTER_OPEN=
  cargo:FF_API_OLD_FILTER_REGISTER=
  cargo:FF_API_OLD_GRAPH_PARSE=
  cargo:FF_API_NOCONST_GET_NAME=
  cargo:FF_API_SWS_CPU_CAPS=
  cargo:FF_API_ARCH_BFIN=
  cargo:rustc-cfg=feature="avcodec_version_greater_than_56_0"
  cargo:avcodec_version_greater_than_56_0=true
  cargo:rustc-cfg=feature="avcodec_version_greater_than_56_1"
  cargo:avcodec_version_greater_than_56_1=true
  cargo:rustc-cfg=feature="avcodec_version_greater_than_56_2"
  cargo:avcodec_version_greater_than_56_2=true
  cargo:rustc-cfg=feature="avcodec_version_greater_than_56_3"
  cargo:avcodec_version_greater_than_56_3=true
  cargo:rustc-cfg=feature="avcodec_version_greater_than_56_4"
  cargo:avcodec_version_greater_than_56_4=true
  cargo:rustc-cfg=feature="avcodec_version_greater_than_56_5"
  cargo:avcodec_version_greater_than_56_5=true
  cargo:rustc-cfg=feature="avcodec_version_greater_than_56_6"
  cargo:avcodec_version_greater_than_56_6=true
  cargo:rustc-cfg=feature="avcodec_version_greater_than_56_7"
  cargo:avcodec_version_greater_than_56_7=true
  cargo:rustc-cfg=feature="avcodec_version_greater_than_56_8"
  cargo:avcodec_version_greater_than_56_8=true
  cargo:rustc-cfg=feature="avcodec_version_greater_than_56_9"
  cargo:avcodec_version_greater_than_56_9=true
  cargo:rustc-cfg=feature="avcodec_version_greater_than_56_10"
  cargo:avcodec_version_greater_than_56_10=true
  cargo:rustc-cfg=feature="avcodec_version_greater_than_56_11"
  cargo:avcodec_version_greater_than_56_11=true
  cargo:rustc-cfg=feature="avcodec_version_greater_than_56_12"
  cargo:avcodec_version_greater_than_56_12=true
  cargo:rustc-cfg=feature="avcodec_version_greater_than_56_13"
  cargo:avcodec_version_greater_than_56_13=true
  cargo:rustc-cfg=feature="avcodec_version_greater_than_56_14"
  cargo:avcodec_version_greater_than_56_14=true
  cargo:rustc-cfg=feature="avcodec_version_greater_than_56_15"
  cargo:avcodec_version_greater_than_56_15=true
  cargo:rustc-cfg=feature="avcodec_version_greater_than_56_16"
  cargo:avcodec_version_greater_than_56_16=true
  cargo:rustc-cfg=feature="avcodec_version_greater_than_56_17"
  cargo:avcodec_version_greater_than_56_17=true
  cargo:rustc-cfg=feature="avcodec_version_greater_than_56_18"
  cargo:avcodec_version_greater_than_56_18=true
  cargo:rustc-cfg=feature="avcodec_version_greater_than_56_19"
  cargo:avcodec_version_greater_than_56_19=true
  cargo:rustc-cfg=feature="avcodec_version_greater_than_56_20"
  cargo:avcodec_version_greater_than_56_20=true
  cargo:rustc-cfg=feature="avcodec_version_greater_than_56_21"
  cargo:avcodec_version_greater_than_56_21=true
  cargo:rustc-cfg=feature="avcodec_version_greater_than_56_22"
  cargo:avcodec_version_greater_than_56_22=true
  cargo:rustc-cfg=feature="avcodec_version_greater_than_56_23"
  cargo:avcodec_version_greater_than_56_23=true
  cargo:rustc-cfg=feature="avcodec_version_greater_than_56_24"
  cargo:avcodec_version_greater_than_56_24=true
  cargo:rustc-cfg=feature="avcodec_version_greater_than_56_25"
  cargo:avcodec_version_greater_than_56_25=true
  cargo:rustc-cfg=feature="avcodec_version_greater_than_56_26"
  cargo:avcodec_version_greater_than_56_26=true
  cargo:rustc-cfg=feature="avcodec_version_greater_than_56_27"
  cargo:avcodec_version_greater_than_56_27=true
  cargo:rustc-cfg=feature="avcodec_version_greater_than_56_28"
  cargo:avcodec_version_greater_than_56_28=true
  cargo:rustc-cfg=feature="avcodec_version_greater_than_56_29"
  cargo:avcodec_version_greater_than_56_29=true
  cargo:rustc-cfg=feature="avcodec_version_greater_than_56_30"
  cargo:avcodec_version_greater_than_56_30=true
  cargo:rustc-cfg=feature="avcodec_version_greater_than_56_31"
  cargo:avcodec_version_greater_than_56_31=true
  cargo:rustc-cfg=feature="avcodec_version_greater_than_56_32"
  cargo:avcodec_version_greater_than_56_32=true
  cargo:rustc-cfg=feature="avcodec_version_greater_than_56_33"
  cargo:avcodec_version_greater_than_56_33=true
  cargo:rustc-cfg=feature="avcodec_version_greater_than_56_34"
  cargo:avcodec_version_greater_than_56_34=true
  cargo:rustc-cfg=feature="avcodec_version_greater_than_56_35"
  cargo:avcodec_version_greater_than_56_35=true
  cargo:rustc-cfg=feature="avcodec_version_greater_than_56_36"
  cargo:avcodec_version_greater_than_56_36=true
  cargo:rustc-cfg=feature="avcodec_version_greater_than_56_37"
  cargo:avcodec_version_greater_than_56_37=true
  cargo:rustc-cfg=feature="avcodec_version_greater_than_56_38"
  cargo:avcodec_version_greater_than_56_38=true
  cargo:rustc-cfg=feature="avcodec_version_greater_than_56_39"
  cargo:avcodec_version_greater_than_56_39=true
  cargo:rustc-cfg=feature="avcodec_version_greater_than_56_40"
  cargo:avcodec_version_greater_than_56_40=true
  cargo:rustc-cfg=feature="avcodec_version_greater_than_56_41"
  cargo:avcodec_version_greater_than_56_41=true
  cargo:rustc-cfg=feature="avcodec_version_greater_than_56_42"
  cargo:avcodec_version_greater_than_56_42=true
  cargo:rustc-cfg=feature="avcodec_version_greater_than_56_43"
  cargo:avcodec_version_greater_than_56_43=true
  cargo:rustc-cfg=feature="avcodec_version_greater_than_56_44"
  cargo:avcodec_version_greater_than_56_44=true
  cargo:rustc-cfg=feature="avcodec_version_greater_than_56_45"
  cargo:avcodec_version_greater_than_56_45=true
  cargo:rustc-cfg=feature="avcodec_version_greater_than_56_46"
  cargo:avcodec_version_greater_than_56_46=true
  cargo:rustc-cfg=feature="avcodec_version_greater_than_56_47"
  cargo:avcodec_version_greater_than_56_47=true
  cargo:rustc-cfg=feature="avcodec_version_greater_than_56_48"
  cargo:avcodec_version_greater_than_56_48=true
  cargo:rustc-cfg=feature="avcodec_version_greater_than_56_49"
  cargo:avcodec_version_greater_than_56_49=true
  cargo:rustc-cfg=feature="avcodec_version_greater_than_56_50"
  cargo:avcodec_version_greater_than_56_50=true
  cargo:rustc-cfg=feature="avcodec_version_greater_than_56_51"
  cargo:avcodec_version_greater_than_56_51=true
  cargo:rustc-cfg=feature="avcodec_version_greater_than_56_52"
  cargo:avcodec_version_greater_than_56_52=true
  cargo:rustc-cfg=feature="avcodec_version_greater_than_56_53"
  cargo:avcodec_version_greater_than_56_53=true
  cargo:rustc-cfg=feature="avcodec_version_greater_than_56_54"
  cargo:avcodec_version_greater_than_56_54=true
  cargo:rustc-cfg=feature="avcodec_version_greater_than_56_55"
  cargo:avcodec_version_greater_than_56_55=true
  cargo:rustc-cfg=feature="avcodec_version_greater_than_56_56"
  cargo:avcodec_version_greater_than_56_56=true
  cargo:rustc-cfg=feature="avcodec_version_greater_than_56_57"
  cargo:avcodec_version_greater_than_56_57=true
  cargo:rustc-cfg=feature="avcodec_version_greater_than_56_58"
  cargo:avcodec_version_greater_than_56_58=true
  cargo:rustc-cfg=feature="avcodec_version_greater_than_56_59"
  cargo:avcodec_version_greater_than_56_59=true
  cargo:rustc-cfg=feature="avcodec_version_greater_than_56_60"
  cargo:avcodec_version_greater_than_56_60=true
  cargo:rustc-cfg=feature="avcodec_version_greater_than_56_61"
  cargo:avcodec_version_greater_than_56_61=true
  cargo:rustc-cfg=feature="avcodec_version_greater_than_56_62"
  cargo:avcodec_version_greater_than_56_62=true
  cargo:rustc-cfg=feature="avcodec_version_greater_than_56_63"
  cargo:avcodec_version_greater_than_56_63=true
  cargo:rustc-cfg=feature="avcodec_version_greater_than_56_64"
  cargo:avcodec_version_greater_than_56_64=true
  cargo:rustc-cfg=feature="avcodec_version_greater_than_56_65"
  cargo:avcodec_version_greater_than_56_65=true
  cargo:rustc-cfg=feature="avcodec_version_greater_than_56_66"
  cargo:avcodec_version_greater_than_56_66=true
  cargo:rustc-cfg=feature="avcodec_version_greater_than_56_67"
  cargo:avcodec_version_greater_than_56_67=true
  cargo:rustc-cfg=feature="avcodec_version_greater_than_56_68"
  cargo:avcodec_version_greater_than_56_68=true
  cargo:rustc-cfg=feature="avcodec_version_greater_than_56_69"
  cargo:avcodec_version_greater_than_56_69=true
  cargo:rustc-cfg=feature="avcodec_version_greater_than_56_70"
  cargo:avcodec_version_greater_than_56_70=true
  cargo:rustc-cfg=feature="avcodec_version_greater_than_56_71"
  cargo:avcodec_version_greater_than_56_71=true
  cargo:rustc-cfg=feature="avcodec_version_greater_than_56_72"
  cargo:avcodec_version_greater_than_56_72=true
  cargo:rustc-cfg=feature="avcodec_version_greater_than_56_73"
  cargo:avcodec_version_greater_than_56_73=true
  cargo:rustc-cfg=feature="avcodec_version_greater_than_56_74"
  cargo:avcodec_version_greater_than_56_74=true
  cargo:rustc-cfg=feature="avcodec_version_greater_than_56_75"
  cargo:avcodec_version_greater_than_56_75=true
  cargo:rustc-cfg=feature="avcodec_version_greater_than_56_76"
  cargo:avcodec_version_greater_than_56_76=true
  cargo:rustc-cfg=feature="avcodec_version_greater_than_56_77"
  cargo:avcodec_version_greater_than_56_77=true
  cargo:rustc-cfg=feature="avcodec_version_greater_than_56_78"
  cargo:avcodec_version_greater_than_56_78=true
  cargo:rustc-cfg=feature="avcodec_version_greater_than_56_79"
  cargo:avcodec_version_greater_than_56_79=true
  cargo:rustc-cfg=feature="avcodec_version_greater_than_56_80"
  cargo:avcodec_version_greater_than_56_80=true
  cargo:rustc-cfg=feature="avcodec_version_greater_than_56_81"
  cargo:avcodec_version_greater_than_56_81=true
  cargo:rustc-cfg=feature="avcodec_version_greater_than_56_82"
  cargo:avcodec_version_greater_than_56_82=true
  cargo:rustc-cfg=feature="avcodec_version_greater_than_56_83"
  cargo:avcodec_version_greater_than_56_83=true
  cargo:rustc-cfg=feature="avcodec_version_greater_than_56_84"
  cargo:avcodec_version_greater_than_56_84=true
  cargo:rustc-cfg=feature="avcodec_version_greater_than_56_85"
  cargo:avcodec_version_greater_than_56_85=true
  cargo:rustc-cfg=feature="avcodec_version_greater_than_56_86"
  cargo:avcodec_version_greater_than_56_86=true
  cargo:rustc-cfg=feature="avcodec_version_greater_than_56_87"
  cargo:avcodec_version_greater_than_56_87=true
  cargo:rustc-cfg=feature="avcodec_version_greater_than_56_88"
  cargo:avcodec_version_greater_than_56_88=true
  cargo:rustc-cfg=feature="avcodec_version_greater_than_56_89"
  cargo:avcodec_version_greater_than_56_89=true
  cargo:rustc-cfg=feature="avcodec_version_greater_than_56_90"
  cargo:avcodec_version_greater_than_56_90=true
  cargo:rustc-cfg=feature="avcodec_version_greater_than_56_91"
  cargo:avcodec_version_greater_than_56_91=true
  cargo:rustc-cfg=feature="avcodec_version_greater_than_56_92"
  cargo:avcodec_version_greater_than_56_92=true
  cargo:rustc-cfg=feature="avcodec_version_greater_than_56_93"
  cargo:avcodec_version_greater_than_56_93=true
  cargo:rustc-cfg=feature="avcodec_version_greater_than_56_94"
  cargo:avcodec_version_greater_than_56_94=true
  cargo:rustc-cfg=feature="avcodec_version_greater_than_56_95"
  cargo:avcodec_version_greater_than_56_95=true
  cargo:rustc-cfg=feature="avcodec_version_greater_than_56_96"
  cargo:avcodec_version_greater_than_56_96=true
  cargo:rustc-cfg=feature="avcodec_version_greater_than_56_97"
  cargo:avcodec_version_greater_than_56_97=true
  cargo:rustc-cfg=feature="avcodec_version_greater_than_56_98"
  cargo:avcodec_version_greater_than_56_98=true
  cargo:rustc-cfg=feature="avcodec_version_greater_than_56_99"
  cargo:avcodec_version_greater_than_56_99=true
  cargo:rustc-cfg=feature="avcodec_version_greater_than_56_100"
  cargo:avcodec_version_greater_than_56_100=true
  cargo:rustc-cfg=feature="avcodec_version_greater_than_56_101"
  cargo:avcodec_version_greater_than_56_101=true
  cargo:rustc-cfg=feature="avcodec_version_greater_than_56_102"
  cargo:avcodec_version_greater_than_56_102=true
  cargo:rustc-cfg=feature="avcodec_version_greater_than_56_103"
  cargo:avcodec_version_greater_than_56_103=true
  cargo:rustc-cfg=feature="avcodec_version_greater_than_56_104"
  cargo:avcodec_version_greater_than_56_104=true
  cargo:rustc-cfg=feature="avcodec_version_greater_than_56_105"
  cargo:avcodec_version_greater_than_56_105=true
  cargo:rustc-cfg=feature="avcodec_version_greater_than_56_106"
  cargo:avcodec_version_greater_than_56_106=true
  cargo:rustc-cfg=feature="avcodec_version_greater_than_56_107"
  cargo:avcodec_version_greater_than_56_107=true
  cargo:rustc-cfg=feature="avcodec_version_greater_than_57_0"
  cargo:avcodec_version_greater_than_57_0=true
  cargo:rustc-cfg=feature="avcodec_version_greater_than_57_1"
  cargo:avcodec_version_greater_than_57_1=true
  cargo:rustc-cfg=feature="avcodec_version_greater_than_57_2"
  cargo:avcodec_version_greater_than_57_2=true
  cargo:rustc-cfg=feature="avcodec_version_greater_than_57_3"
  cargo:avcodec_version_greater_than_57_3=true
  cargo:rustc-cfg=feature="avcodec_version_greater_than_57_4"
  cargo:avcodec_version_greater_than_57_4=true
  cargo:rustc-cfg=feature="avcodec_version_greater_than_57_5"
  cargo:avcodec_version_greater_than_57_5=true
  cargo:rustc-cfg=feature="avcodec_version_greater_than_57_6"
  cargo:avcodec_version_greater_than_57_6=true
  cargo:rustc-cfg=feature="avcodec_version_greater_than_57_7"
  cargo:avcodec_version_greater_than_57_7=true
  cargo:rustc-cfg=feature="avcodec_version_greater_than_57_8"
  cargo:avcodec_version_greater_than_57_8=true
  cargo:rustc-cfg=feature="avcodec_version_greater_than_57_9"
  cargo:avcodec_version_greater_than_57_9=true
  cargo:rustc-cfg=feature="avcodec_version_greater_than_57_10"
  cargo:avcodec_version_greater_than_57_10=true
  cargo:rustc-cfg=feature="avcodec_version_greater_than_57_11"
  cargo:avcodec_version_greater_than_57_11=true
  cargo:rustc-cfg=feature="avcodec_version_greater_than_57_12"
  cargo:avcodec_version_greater_than_57_12=true
  cargo:rustc-cfg=feature="avcodec_version_greater_than_57_13"
  cargo:avcodec_version_greater_than_57_13=true
  cargo:rustc-cfg=feature="avcodec_version_greater_than_57_14"
  cargo:avcodec_version_greater_than_57_14=true
  cargo:rustc-cfg=feature="avcodec_version_greater_than_57_15"
  cargo:avcodec_version_greater_than_57_15=true
  cargo:rustc-cfg=feature="avcodec_version_greater_than_57_16"
  cargo:avcodec_version_greater_than_57_16=true
  cargo:rustc-cfg=feature="avcodec_version_greater_than_57_17"
  cargo:avcodec_version_greater_than_57_17=true
  cargo:rustc-cfg=feature="avcodec_version_greater_than_57_18"
  cargo:avcodec_version_greater_than_57_18=true
  cargo:rustc-cfg=feature="avcodec_version_greater_than_57_19"
  cargo:avcodec_version_greater_than_57_19=true
  cargo:rustc-cfg=feature="avcodec_version_greater_than_57_20"
  cargo:avcodec_version_greater_than_57_20=true
  cargo:rustc-cfg=feature="avcodec_version_greater_than_57_21"
  cargo:avcodec_version_greater_than_57_21=true
  cargo:rustc-cfg=feature="avcodec_version_greater_than_57_22"
  cargo:avcodec_version_greater_than_57_22=true
  cargo:rustc-cfg=feature="avcodec_version_greater_than_57_23"
  cargo:avcodec_version_greater_than_57_23=true
  cargo:rustc-cfg=feature="avcodec_version_greater_than_57_24"
  cargo:avcodec_version_greater_than_57_24=true
  cargo:rustc-cfg=feature="avcodec_version_greater_than_57_25"
  cargo:avcodec_version_greater_than_57_25=true
  cargo:rustc-cfg=feature="avcodec_version_greater_than_57_26"
  cargo:avcodec_version_greater_than_57_26=true
  cargo:rustc-cfg=feature="avcodec_version_greater_than_57_27"
  cargo:avcodec_version_greater_than_57_27=true
  cargo:rustc-cfg=feature="avcodec_version_greater_than_57_28"
  cargo:avcodec_version_greater_than_57_28=true
  cargo:rustc-cfg=feature="avcodec_version_greater_than_57_29"
  cargo:avcodec_version_greater_than_57_29=true
  cargo:rustc-cfg=feature="avcodec_version_greater_than_57_30"
  cargo:avcodec_version_greater_than_57_30=true
  cargo:rustc-cfg=feature="avcodec_version_greater_than_57_31"
  cargo:avcodec_version_greater_than_57_31=true
  cargo:rustc-cfg=feature="avcodec_version_greater_than_57_32"
  cargo:avcodec_version_greater_than_57_32=true
  cargo:rustc-cfg=feature="avcodec_version_greater_than_57_33"
  cargo:avcodec_version_greater_than_57_33=true
  cargo:rustc-cfg=feature="avcodec_version_greater_than_57_34"
  cargo:avcodec_version_greater_than_57_34=true
  cargo:rustc-cfg=feature="avcodec_version_greater_than_57_35"
  cargo:avcodec_version_greater_than_57_35=true
  cargo:rustc-cfg=feature="avcodec_version_greater_than_57_36"
  cargo:avcodec_version_greater_than_57_36=true
  cargo:rustc-cfg=feature="avcodec_version_greater_than_57_37"
  cargo:avcodec_version_greater_than_57_37=true
  cargo:rustc-cfg=feature="avcodec_version_greater_than_57_38"
  cargo:avcodec_version_greater_than_57_38=true
  cargo:rustc-cfg=feature="avcodec_version_greater_than_57_39"
  cargo:avcodec_version_greater_than_57_39=true
  cargo:rustc-cfg=feature="avcodec_version_greater_than_57_40"
  cargo:avcodec_version_greater_than_57_40=true
  cargo:rustc-cfg=feature="avcodec_version_greater_than_57_41"
  cargo:avcodec_version_greater_than_57_41=true
  cargo:rustc-cfg=feature="avcodec_version_greater_than_57_42"
  cargo:avcodec_version_greater_than_57_42=true
  cargo:rustc-cfg=feature="avcodec_version_greater_than_57_43"
  cargo:avcodec_version_greater_than_57_43=true
  cargo:rustc-cfg=feature="avcodec_version_greater_than_57_44"
  cargo:avcodec_version_greater_than_57_44=true
  cargo:rustc-cfg=feature="avcodec_version_greater_than_57_45"
  cargo:avcodec_version_greater_than_57_45=true
  cargo:rustc-cfg=feature="avcodec_version_greater_than_57_46"
  cargo:avcodec_version_greater_than_57_46=true
  cargo:rustc-cfg=feature="avcodec_version_greater_than_57_47"
  cargo:avcodec_version_greater_than_57_47=true
  cargo:rustc-cfg=feature="avcodec_version_greater_than_57_48"
  cargo:avcodec_version_greater_than_57_48=true
  cargo:rustc-cfg=feature="avcodec_version_greater_than_57_49"
  cargo:avcodec_version_greater_than_57_49=true
  cargo:rustc-cfg=feature="avcodec_version_greater_than_57_50"
  cargo:avcodec_version_greater_than_57_50=true
  cargo:rustc-cfg=feature="avcodec_version_greater_than_57_51"
  cargo:avcodec_version_greater_than_57_51=true
  cargo:rustc-cfg=feature="avcodec_version_greater_than_57_52"
  cargo:avcodec_version_greater_than_57_52=true
  cargo:rustc-cfg=feature="avcodec_version_greater_than_57_53"
  cargo:avcodec_version_greater_than_57_53=true
  cargo:rustc-cfg=feature="avcodec_version_greater_than_57_54"
  cargo:avcodec_version_greater_than_57_54=true
  cargo:rustc-cfg=feature="avcodec_version_greater_than_57_55"
  cargo:avcodec_version_greater_than_57_55=true
  cargo:rustc-cfg=feature="avcodec_version_greater_than_57_56"
  cargo:avcodec_version_greater_than_57_56=true
  cargo:rustc-cfg=feature="avcodec_version_greater_than_57_57"
  cargo:avcodec_version_greater_than_57_57=true
  cargo:rustc-cfg=feature="avcodec_version_greater_than_57_58"
  cargo:avcodec_version_greater_than_57_58=true
  cargo:rustc-cfg=feature="avcodec_version_greater_than_57_59"
  cargo:avcodec_version_greater_than_57_59=true
  cargo:rustc-cfg=feature="avcodec_version_greater_than_57_60"
  cargo:avcodec_version_greater_than_57_60=true
  cargo:rustc-cfg=feature="avcodec_version_greater_than_57_61"
  cargo:avcodec_version_greater_than_57_61=true
  cargo:rustc-cfg=feature="avcodec_version_greater_than_57_62"
  cargo:avcodec_version_greater_than_57_62=true
  cargo:rustc-cfg=feature="avcodec_version_greater_than_57_63"
  cargo:avcodec_version_greater_than_57_63=true
  cargo:rustc-cfg=feature="avcodec_version_greater_than_57_64"
  cargo:avcodec_version_greater_than_57_64=true
  cargo:rustc-cfg=feature="avcodec_version_greater_than_57_65"
  cargo:avcodec_version_greater_than_57_65=true
  cargo:rustc-cfg=feature="avcodec_version_greater_than_57_66"
  cargo:avcodec_version_greater_than_57_66=true
  cargo:rustc-cfg=feature="avcodec_version_greater_than_57_67"
  cargo:avcodec_version_greater_than_57_67=true
  cargo:rustc-cfg=feature="avcodec_version_greater_than_57_68"
  cargo:avcodec_version_greater_than_57_68=true
  cargo:rustc-cfg=feature="avcodec_version_greater_than_57_69"
  cargo:avcodec_version_greater_than_57_69=true
  cargo:rustc-cfg=feature="avcodec_version_greater_than_57_70"
  cargo:avcodec_version_greater_than_57_70=true
  cargo:rustc-cfg=feature="avcodec_version_greater_than_57_71"
  cargo:avcodec_version_greater_than_57_71=true
  cargo:rustc-cfg=feature="avcodec_version_greater_than_57_72"
  cargo:avcodec_version_greater_than_57_72=true
  cargo:rustc-cfg=feature="avcodec_version_greater_than_57_73"
  cargo:avcodec_version_greater_than_57_73=true
  cargo:rustc-cfg=feature="avcodec_version_greater_than_57_74"
  cargo:avcodec_version_greater_than_57_74=true
  cargo:rustc-cfg=feature="avcodec_version_greater_than_57_75"
  cargo:avcodec_version_greater_than_57_75=true
  cargo:rustc-cfg=feature="avcodec_version_greater_than_57_76"
  cargo:avcodec_version_greater_than_57_76=true
  cargo:rustc-cfg=feature="avcodec_version_greater_than_57_77"
  cargo:avcodec_version_greater_than_57_77=true
  cargo:rustc-cfg=feature="avcodec_version_greater_than_57_78"
  cargo:avcodec_version_greater_than_57_78=true
  cargo:rustc-cfg=feature="avcodec_version_greater_than_57_79"
  cargo:avcodec_version_greater_than_57_79=true
  cargo:rustc-cfg=feature="avcodec_version_greater_than_57_80"
  cargo:avcodec_version_greater_than_57_80=true
  cargo:rustc-cfg=feature="avcodec_version_greater_than_57_81"
  cargo:avcodec_version_greater_than_57_81=true
  cargo:rustc-cfg=feature="avcodec_version_greater_than_57_82"
  cargo:avcodec_version_greater_than_57_82=true
  cargo:rustc-cfg=feature="avcodec_version_greater_than_57_83"
  cargo:avcodec_version_greater_than_57_83=true
  cargo:rustc-cfg=feature="avcodec_version_greater_than_57_84"
  cargo:avcodec_version_greater_than_57_84=true
  cargo:rustc-cfg=feature="avcodec_version_greater_than_57_85"
  cargo:avcodec_version_greater_than_57_85=true
  cargo:rustc-cfg=feature="avcodec_version_greater_than_57_86"
  cargo:avcodec_version_greater_than_57_86=true
  cargo:rustc-cfg=feature="avcodec_version_greater_than_57_87"
  cargo:avcodec_version_greater_than_57_87=true
  cargo:rustc-cfg=feature="avcodec_version_greater_than_57_88"
  cargo:avcodec_version_greater_than_57_88=true
  cargo:rustc-cfg=feature="avcodec_version_greater_than_57_89"
  cargo:avcodec_version_greater_than_57_89=true
  cargo:rustc-cfg=feature="avcodec_version_greater_than_57_90"
  cargo:avcodec_version_greater_than_57_90=true
  cargo:rustc-cfg=feature="avcodec_version_greater_than_57_91"
  cargo:avcodec_version_greater_than_57_91=true
  cargo:rustc-cfg=feature="avcodec_version_greater_than_57_92"
  cargo:avcodec_version_greater_than_57_92=true
  cargo:rustc-cfg=feature="avcodec_version_greater_than_57_93"
  cargo:avcodec_version_greater_than_57_93=true
  cargo:rustc-cfg=feature="avcodec_version_greater_than_57_94"
  cargo:avcodec_version_greater_than_57_94=true
  cargo:rustc-cfg=feature="avcodec_version_greater_than_57_95"
  cargo:avcodec_version_greater_than_57_95=true
  cargo:rustc-cfg=feature="avcodec_version_greater_than_57_96"
  cargo:avcodec_version_greater_than_57_96=true
  cargo:rustc-cfg=feature="avcodec_version_greater_than_57_97"
  cargo:avcodec_version_greater_than_57_97=true
  cargo:rustc-cfg=feature="avcodec_version_greater_than_57_98"
  cargo:avcodec_version_greater_than_57_98=true
  cargo:rustc-cfg=feature="avcodec_version_greater_than_57_99"
  cargo:avcodec_version_greater_than_57_99=true
  cargo:rustc-cfg=feature="avcodec_version_greater_than_57_100"
  cargo:avcodec_version_greater_than_57_100=true
  cargo:rustc-cfg=feature="avcodec_version_greater_than_57_101"
  cargo:avcodec_version_greater_than_57_101=true
  cargo:rustc-cfg=feature="avcodec_version_greater_than_57_102"
  cargo:avcodec_version_greater_than_57_102=true
  cargo:rustc-cfg=feature="avcodec_version_greater_than_57_103"
  cargo:avcodec_version_greater_than_57_103=true
  cargo:rustc-cfg=feature="avcodec_version_greater_than_57_104"
  cargo:avcodec_version_greater_than_57_104=true
  cargo:rustc-cfg=feature="avcodec_version_greater_than_57_105"
  cargo:avcodec_version_greater_than_57_105=true
  cargo:rustc-cfg=feature="avcodec_version_greater_than_57_106"
  cargo:avcodec_version_greater_than_57_106=true
  cargo:rustc-cfg=feature="avcodec_version_greater_than_57_107"
  cargo:avcodec_version_greater_than_57_107=true
  cargo:rustc-cfg=feature="avcodec_version_greater_than_58_0"
  cargo:avcodec_version_greater_than_58_0=true
  cargo:rustc-cfg=feature="avcodec_version_greater_than_58_1"
  cargo:avcodec_version_greater_than_58_1=true
  cargo:rustc-cfg=feature="avcodec_version_greater_than_58_2"
  cargo:avcodec_version_greater_than_58_2=true
  cargo:rustc-cfg=feature="avcodec_version_greater_than_58_3"
  cargo:avcodec_version_greater_than_58_3=true
  cargo:rustc-cfg=feature="avcodec_version_greater_than_58_4"
  cargo:avcodec_version_greater_than_58_4=true
  cargo:rustc-cfg=feature="avcodec_version_greater_than_58_5"
  cargo:avcodec_version_greater_than_58_5=true
  cargo:rustc-cfg=feature="avcodec_version_greater_than_58_6"
  cargo:avcodec_version_greater_than_58_6=true
  cargo:rustc-cfg=feature="avcodec_version_greater_than_58_7"
  cargo:avcodec_version_greater_than_58_7=true
  cargo:rustc-cfg=feature="avcodec_version_greater_than_58_8"
  cargo:avcodec_version_greater_than_58_8=true
  cargo:rustc-cfg=feature="avcodec_version_greater_than_58_9"
  cargo:avcodec_version_greater_than_58_9=true
  cargo:rustc-cfg=feature="avcodec_version_greater_than_58_10"
  cargo:avcodec_version_greater_than_58_10=true
  cargo:rustc-cfg=feature="avcodec_version_greater_than_58_11"
  cargo:avcodec_version_greater_than_58_11=true
  cargo:rustc-cfg=feature="avcodec_version_greater_than_58_12"
  cargo:avcodec_version_greater_than_58_12=true
  cargo:rustc-cfg=feature="avcodec_version_greater_than_58_13"
  cargo:avcodec_version_greater_than_58_13=true
  cargo:rustc-cfg=feature="avcodec_version_greater_than_58_14"
  cargo:avcodec_version_greater_than_58_14=true
  cargo:rustc-cfg=feature="avcodec_version_greater_than_58_15"
  cargo:avcodec_version_greater_than_58_15=true
  cargo:rustc-cfg=feature="avcodec_version_greater_than_58_16"
  cargo:avcodec_version_greater_than_58_16=true
  cargo:rustc-cfg=feature="avcodec_version_greater_than_58_17"
  cargo:avcodec_version_greater_than_58_17=true
  cargo:rustc-cfg=feature="avcodec_version_greater_than_58_18"
  cargo:avcodec_version_greater_than_58_18=true
  cargo:rustc-cfg=feature="avcodec_version_greater_than_58_19"
  cargo:avcodec_version_greater_than_58_19=true
  cargo:rustc-cfg=feature="avcodec_version_greater_than_58_20"
  cargo:avcodec_version_greater_than_58_20=true
  cargo:rustc-cfg=feature="avcodec_version_greater_than_58_21"
  cargo:avcodec_version_greater_than_58_21=true
  cargo:rustc-cfg=feature="avcodec_version_greater_than_58_22"
  cargo:avcodec_version_greater_than_58_22=true
  cargo:rustc-cfg=feature="avcodec_version_greater_than_58_23"
  cargo:avcodec_version_greater_than_58_23=true
  cargo:rustc-cfg=feature="avcodec_version_greater_than_58_24"
  cargo:avcodec_version_greater_than_58_24=true
  cargo:rustc-cfg=feature="avcodec_version_greater_than_58_25"
  cargo:avcodec_version_greater_than_58_25=true
  cargo:rustc-cfg=feature="avcodec_version_greater_than_58_26"
  cargo:avcodec_version_greater_than_58_26=true
  cargo:rustc-cfg=feature="avcodec_version_greater_than_58_27"
  cargo:avcodec_version_greater_than_58_27=true
  cargo:rustc-cfg=feature="avcodec_version_greater_than_58_28"
  cargo:avcodec_version_greater_than_58_28=true
  cargo:rustc-cfg=feature="avcodec_version_greater_than_58_29"
  cargo:avcodec_version_greater_than_58_29=true
  cargo:rustc-cfg=feature="avcodec_version_greater_than_58_30"
  cargo:avcodec_version_greater_than_58_30=true
  cargo:rustc-cfg=feature="avcodec_version_greater_than_58_31"
  cargo:avcodec_version_greater_than_58_31=true
  cargo:rustc-cfg=feature="avcodec_version_greater_than_58_32"
  cargo:avcodec_version_greater_than_58_32=true
  cargo:rustc-cfg=feature="avcodec_version_greater_than_58_33"
  cargo:avcodec_version_greater_than_58_33=true
  cargo:rustc-cfg=feature="avcodec_version_greater_than_58_34"
  cargo:avcodec_version_greater_than_58_34=true
  cargo:rustc-cfg=feature="avcodec_version_greater_than_58_35"
  cargo:avcodec_version_greater_than_58_35=true
  cargo:rustc-cfg=feature="avcodec_version_greater_than_58_36"
  cargo:avcodec_version_greater_than_58_36=true
  cargo:rustc-cfg=feature="avcodec_version_greater_than_58_37"
  cargo:avcodec_version_greater_than_58_37=true
  cargo:rustc-cfg=feature="avcodec_version_greater_than_58_38"
  cargo:avcodec_version_greater_than_58_38=true
  cargo:rustc-cfg=feature="avcodec_version_greater_than_58_39"
  cargo:avcodec_version_greater_than_58_39=true
  cargo:rustc-cfg=feature="avcodec_version_greater_than_58_40"
  cargo:avcodec_version_greater_than_58_40=true
  cargo:rustc-cfg=feature="avcodec_version_greater_than_58_41"
  cargo:avcodec_version_greater_than_58_41=true
  cargo:rustc-cfg=feature="avcodec_version_greater_than_58_42"
  cargo:avcodec_version_greater_than_58_42=true
  cargo:rustc-cfg=feature="avcodec_version_greater_than_58_43"
  cargo:avcodec_version_greater_than_58_43=true
  cargo:rustc-cfg=feature="avcodec_version_greater_than_58_44"
  cargo:avcodec_version_greater_than_58_44=true
  cargo:rustc-cfg=feature="avcodec_version_greater_than_58_45"
  cargo:avcodec_version_greater_than_58_45=true
  cargo:rustc-cfg=feature="avcodec_version_greater_than_58_46"
  cargo:avcodec_version_greater_than_58_46=true
  cargo:rustc-cfg=feature="avcodec_version_greater_than_58_47"
  cargo:avcodec_version_greater_than_58_47=true
  cargo:rustc-cfg=feature="avcodec_version_greater_than_58_48"
  cargo:avcodec_version_greater_than_58_48=true
  cargo:rustc-cfg=feature="avcodec_version_greater_than_58_49"
  cargo:avcodec_version_greater_than_58_49=true
  cargo:rustc-cfg=feature="avcodec_version_greater_than_58_50"
  cargo:avcodec_version_greater_than_58_50=true
  cargo:rustc-cfg=feature="avcodec_version_greater_than_58_51"
  cargo:avcodec_version_greater_than_58_51=true
  cargo:rustc-cfg=feature="avcodec_version_greater_than_58_52"
  cargo:avcodec_version_greater_than_58_52=true
  cargo:rustc-cfg=feature="avcodec_version_greater_than_58_53"
  cargo:avcodec_version_greater_than_58_53=true
  cargo:rustc-cfg=feature="avcodec_version_greater_than_58_54"
  cargo:avcodec_version_greater_than_58_54=true
  cargo:rustc-cfg=feature="avcodec_version_greater_than_58_55"
  cargo:avcodec_version_greater_than_58_55=true
  cargo:rustc-cfg=feature="avcodec_version_greater_than_58_56"
  cargo:avcodec_version_greater_than_58_56=true
  cargo:rustc-cfg=feature="avcodec_version_greater_than_58_57"
  cargo:avcodec_version_greater_than_58_57=true
  cargo:rustc-cfg=feature="avcodec_version_greater_than_58_58"
  cargo:avcodec_version_greater_than_58_58=true
  cargo:rustc-cfg=feature="avcodec_version_greater_than_58_59"
  cargo:avcodec_version_greater_than_58_59=true
  cargo:rustc-cfg=feature="avcodec_version_greater_than_58_60"
  cargo:avcodec_version_greater_than_58_60=true
  cargo:rustc-cfg=feature="avcodec_version_greater_than_58_61"
  cargo:avcodec_version_greater_than_58_61=true
  cargo:rustc-cfg=feature="avcodec_version_greater_than_58_62"
  cargo:avcodec_version_greater_than_58_62=true
  cargo:rustc-cfg=feature="avcodec_version_greater_than_58_63"
  cargo:avcodec_version_greater_than_58_63=true
  cargo:rustc-cfg=feature="avcodec_version_greater_than_58_64"
  cargo:avcodec_version_greater_than_58_64=true
  cargo:rustc-cfg=feature="avcodec_version_greater_than_58_65"
  cargo:avcodec_version_greater_than_58_65=true
  cargo:rustc-cfg=feature="avcodec_version_greater_than_58_66"
  cargo:avcodec_version_greater_than_58_66=true
  cargo:rustc-cfg=feature="avcodec_version_greater_than_58_67"
  cargo:avcodec_version_greater_than_58_67=true
  cargo:rustc-cfg=feature="avcodec_version_greater_than_58_68"
  cargo:avcodec_version_greater_than_58_68=true
  cargo:rustc-cfg=feature="avcodec_version_greater_than_58_69"
  cargo:avcodec_version_greater_than_58_69=true
  cargo:rustc-cfg=feature="avcodec_version_greater_than_58_70"
  cargo:avcodec_version_greater_than_58_70=true
  cargo:rustc-cfg=feature="avcodec_version_greater_than_58_71"
  cargo:avcodec_version_greater_than_58_71=true
  cargo:rustc-cfg=feature="avcodec_version_greater_than_58_72"
  cargo:avcodec_version_greater_than_58_72=true
  cargo:rustc-cfg=feature="avcodec_version_greater_than_58_73"
  cargo:avcodec_version_greater_than_58_73=true
  cargo:rustc-cfg=feature="avcodec_version_greater_than_58_74"
  cargo:avcodec_version_greater_than_58_74=true
  cargo:rustc-cfg=feature="avcodec_version_greater_than_58_75"
  cargo:avcodec_version_greater_than_58_75=true
  cargo:rustc-cfg=feature="avcodec_version_greater_than_58_76"
  cargo:avcodec_version_greater_than_58_76=true
  cargo:rustc-cfg=feature="avcodec_version_greater_than_58_77"
  cargo:avcodec_version_greater_than_58_77=true
  cargo:rustc-cfg=feature="avcodec_version_greater_than_58_78"
  cargo:avcodec_version_greater_than_58_78=true
  cargo:rustc-cfg=feature="avcodec_version_greater_than_58_79"
  cargo:avcodec_version_greater_than_58_79=true
  cargo:rustc-cfg=feature="avcodec_version_greater_than_58_80"
  cargo:avcodec_version_greater_than_58_80=true
  cargo:rustc-cfg=feature="avcodec_version_greater_than_58_81"
  cargo:avcodec_version_greater_than_58_81=true
  cargo:rustc-cfg=feature="avcodec_version_greater_than_58_82"
  cargo:avcodec_version_greater_than_58_82=true
  cargo:rustc-cfg=feature="avcodec_version_greater_than_58_83"
  cargo:avcodec_version_greater_than_58_83=true
  cargo:rustc-cfg=feature="avcodec_version_greater_than_58_84"
  cargo:avcodec_version_greater_than_58_84=true
  cargo:rustc-cfg=feature="avcodec_version_greater_than_58_85"
  cargo:avcodec_version_greater_than_58_85=true
  cargo:rustc-cfg=feature="avcodec_version_greater_than_58_86"
  cargo:avcodec_version_greater_than_58_86=true
  cargo:rustc-cfg=feature="avcodec_version_greater_than_58_87"
  cargo:avcodec_version_greater_than_58_87=true
  cargo:rustc-cfg=feature="avcodec_version_greater_than_58_88"
  cargo:avcodec_version_greater_than_58_88=true
  cargo:rustc-cfg=feature="avcodec_version_greater_than_58_89"
  cargo:avcodec_version_greater_than_58_89=true
  cargo:rustc-cfg=feature="avcodec_version_greater_than_58_90"
  cargo:avcodec_version_greater_than_58_90=true
  cargo:rustc-cfg=feature="avcodec_version_greater_than_58_91"
  cargo:avcodec_version_greater_than_58_91=true
  cargo:rustc-cfg=feature="avcodec_version_greater_than_58_92"
  cargo:avcodec_version_greater_than_58_92=true
  cargo:rustc-cfg=feature="avcodec_version_greater_than_58_93"
  cargo:avcodec_version_greater_than_58_93=true
  cargo:rustc-cfg=feature="avcodec_version_greater_than_58_94"
  cargo:avcodec_version_greater_than_58_94=true
  cargo:rustc-cfg=feature="avcodec_version_greater_than_58_95"
  cargo:avcodec_version_greater_than_58_95=true
  cargo:rustc-cfg=feature="avcodec_version_greater_than_58_96"
  cargo:avcodec_version_greater_than_58_96=true
  cargo:rustc-cfg=feature="avcodec_version_greater_than_58_97"
  cargo:avcodec_version_greater_than_58_97=true
  cargo:rustc-cfg=feature="avcodec_version_greater_than_58_98"
  cargo:avcodec_version_greater_than_58_98=true
  cargo:rustc-cfg=feature="avcodec_version_greater_than_58_99"
  cargo:avcodec_version_greater_than_58_99=true
  cargo:rustc-cfg=feature="avcodec_version_greater_than_58_100"
  cargo:avcodec_version_greater_than_58_100=true
  cargo:rustc-cfg=feature="avcodec_version_greater_than_58_101"
  cargo:avcodec_version_greater_than_58_101=true
  cargo:rustc-cfg=feature="avcodec_version_greater_than_58_102"
  cargo:avcodec_version_greater_than_58_102=true
  cargo:rustc-cfg=feature="avcodec_version_greater_than_58_103"
  cargo:avcodec_version_greater_than_58_103=true
  cargo:rustc-cfg=feature="avcodec_version_greater_than_58_104"
  cargo:avcodec_version_greater_than_58_104=true
  cargo:rustc-cfg=feature="avcodec_version_greater_than_58_105"
  cargo:avcodec_version_greater_than_58_105=true
  cargo:rustc-cfg=feature="avcodec_version_greater_than_58_106"
  cargo:avcodec_version_greater_than_58_106=true
  cargo:rustc-cfg=feature="avcodec_version_greater_than_58_107"
  cargo:avcodec_version_greater_than_58_107=true
  cargo:rustc-cfg=feature="avcodec_version_greater_than_59_0"
  cargo:avcodec_version_greater_than_59_0=true
  cargo:rustc-cfg=feature="avcodec_version_greater_than_59_1"
  cargo:avcodec_version_greater_than_59_1=true
  cargo:rustc-cfg=feature="avcodec_version_greater_than_59_2"
  cargo:avcodec_version_greater_than_59_2=true
  cargo:rustc-cfg=feature="avcodec_version_greater_than_59_3"
  cargo:avcodec_version_greater_than_59_3=true
  cargo:rustc-cfg=feature="avcodec_version_greater_than_59_4"
  cargo:avcodec_version_greater_than_59_4=true
  cargo:rustc-cfg=feature="avcodec_version_greater_than_59_5"
  cargo:avcodec_version_greater_than_59_5=true
  cargo:rustc-cfg=feature="avcodec_version_greater_than_59_6"
  cargo:avcodec_version_greater_than_59_6=true
  cargo:rustc-cfg=feature="avcodec_version_greater_than_59_7"
  cargo:avcodec_version_greater_than_59_7=true
  cargo:rustc-cfg=feature="avcodec_version_greater_than_59_8"
  cargo:avcodec_version_greater_than_59_8=true
  cargo:rustc-cfg=feature="avcodec_version_greater_than_59_9"
  cargo:avcodec_version_greater_than_59_9=true
  cargo:rustc-cfg=feature="avcodec_version_greater_than_59_10"
  cargo:avcodec_version_greater_than_59_10=true
  cargo:rustc-cfg=feature="avcodec_version_greater_than_59_11"
  cargo:avcodec_version_greater_than_59_11=true
  cargo:rustc-cfg=feature="avcodec_version_greater_than_59_12"
  cargo:avcodec_version_greater_than_59_12=true
  cargo:rustc-cfg=feature="avcodec_version_greater_than_59_13"
  cargo:avcodec_version_greater_than_59_13=true
  cargo:rustc-cfg=feature="avcodec_version_greater_than_59_14"
  cargo:avcodec_version_greater_than_59_14=true
  cargo:rustc-cfg=feature="avcodec_version_greater_than_59_15"
  cargo:avcodec_version_greater_than_59_15=true
  cargo:rustc-cfg=feature="avcodec_version_greater_than_59_16"
  cargo:avcodec_version_greater_than_59_16=true
  cargo:rustc-cfg=feature="avcodec_version_greater_than_59_17"
  cargo:avcodec_version_greater_than_59_17=true
  cargo:rustc-cfg=feature="avcodec_version_greater_than_59_18"
  cargo:avcodec_version_greater_than_59_18=true
  cargo:rustc-cfg=feature="avcodec_version_greater_than_59_19"
  cargo:avcodec_version_greater_than_59_19=true
  cargo:rustc-cfg=feature="avcodec_version_greater_than_59_20"
  cargo:avcodec_version_greater_than_59_20=true
  cargo:rustc-cfg=feature="avcodec_version_greater_than_59_21"
  cargo:avcodec_version_greater_than_59_21=true
  cargo:rustc-cfg=feature="avcodec_version_greater_than_59_22"
  cargo:avcodec_version_greater_than_59_22=true
  cargo:rustc-cfg=feature="avcodec_version_greater_than_59_23"
  cargo:avcodec_version_greater_than_59_23=true
  cargo:rustc-cfg=feature="avcodec_version_greater_than_59_24"
  cargo:avcodec_version_greater_than_59_24=true
  cargo:rustc-cfg=feature="avcodec_version_greater_than_59_25"
  cargo:avcodec_version_greater_than_59_25=true
  cargo:rustc-cfg=feature="avcodec_version_greater_than_59_26"
  cargo:avcodec_version_greater_than_59_26=true
  cargo:rustc-cfg=feature="avcodec_version_greater_than_59_27"
  cargo:avcodec_version_greater_than_59_27=true
  cargo:rustc-cfg=feature="avcodec_version_greater_than_59_28"
  cargo:avcodec_version_greater_than_59_28=true
  cargo:rustc-cfg=feature="avcodec_version_greater_than_59_29"
  cargo:avcodec_version_greater_than_59_29=true
  cargo:rustc-cfg=feature="avcodec_version_greater_than_59_30"
  cargo:avcodec_version_greater_than_59_30=true
  cargo:rustc-cfg=feature="avcodec_version_greater_than_59_31"
  cargo:avcodec_version_greater_than_59_31=true
  cargo:rustc-cfg=feature="avcodec_version_greater_than_59_32"
  cargo:avcodec_version_greater_than_59_32=true
  cargo:rustc-cfg=feature="avcodec_version_greater_than_59_33"
  cargo:avcodec_version_greater_than_59_33=true
  cargo:rustc-cfg=feature="avcodec_version_greater_than_59_34"
  cargo:avcodec_version_greater_than_59_34=true
  cargo:rustc-cfg=feature="avcodec_version_greater_than_59_35"
  cargo:avcodec_version_greater_than_59_35=true
  cargo:rustc-cfg=feature="avcodec_version_greater_than_59_36"
  cargo:avcodec_version_greater_than_59_36=true
  cargo:rustc-cfg=feature="avcodec_version_greater_than_59_37"
  cargo:avcodec_version_greater_than_59_37=true
  cargo:rustc-cfg=feature="avcodec_version_greater_than_59_38"
  cargo:avcodec_version_greater_than_59_38=true
  cargo:rustc-cfg=feature="avcodec_version_greater_than_59_39"
  cargo:avcodec_version_greater_than_59_39=true
  cargo:rustc-cfg=feature="avcodec_version_greater_than_59_40"
  cargo:avcodec_version_greater_than_59_40=true
  cargo:rustc-cfg=feature="avcodec_version_greater_than_59_41"
  cargo:avcodec_version_greater_than_59_41=true
  cargo:rustc-cfg=feature="avcodec_version_greater_than_59_42"
  cargo:avcodec_version_greater_than_59_42=true
  cargo:rustc-cfg=feature="avcodec_version_greater_than_59_43"
  cargo:avcodec_version_greater_than_59_43=true
  cargo:rustc-cfg=feature="avcodec_version_greater_than_59_44"
  cargo:avcodec_version_greater_than_59_44=true
  cargo:rustc-cfg=feature="avcodec_version_greater_than_59_45"
  cargo:avcodec_version_greater_than_59_45=true
  cargo:rustc-cfg=feature="avcodec_version_greater_than_59_46"
  cargo:avcodec_version_greater_than_59_46=true
  cargo:rustc-cfg=feature="avcodec_version_greater_than_59_47"
  cargo:avcodec_version_greater_than_59_47=true
  cargo:rustc-cfg=feature="avcodec_version_greater_than_59_48"
  cargo:avcodec_version_greater_than_59_48=true
  cargo:rustc-cfg=feature="avcodec_version_greater_than_59_49"
  cargo:avcodec_version_greater_than_59_49=true
  cargo:rustc-cfg=feature="avcodec_version_greater_than_59_50"
  cargo:avcodec_version_greater_than_59_50=true
  cargo:rustc-cfg=feature="avcodec_version_greater_than_59_51"
  cargo:avcodec_version_greater_than_59_51=true
  cargo:rustc-cfg=feature="avcodec_version_greater_than_59_52"
  cargo:avcodec_version_greater_than_59_52=true
  cargo:rustc-cfg=feature="avcodec_version_greater_than_59_53"
  cargo:avcodec_version_greater_than_59_53=true
  cargo:rustc-cfg=feature="avcodec_version_greater_than_59_54"
  cargo:avcodec_version_greater_than_59_54=true
  cargo:rustc-cfg=feature="avcodec_version_greater_than_59_55"
  cargo:avcodec_version_greater_than_59_55=true
  cargo:rustc-cfg=feature="avcodec_version_greater_than_59_56"
  cargo:avcodec_version_greater_than_59_56=true
  cargo:rustc-cfg=feature="avcodec_version_greater_than_59_57"
  cargo:avcodec_version_greater_than_59_57=true
  cargo:rustc-cfg=feature="avcodec_version_greater_than_59_58"
  cargo:avcodec_version_greater_than_59_58=true
  cargo:rustc-cfg=feature="avcodec_version_greater_than_59_59"
  cargo:avcodec_version_greater_than_59_59=true
  cargo:rustc-cfg=feature="avcodec_version_greater_than_59_60"
  cargo:avcodec_version_greater_than_59_60=true
  cargo:rustc-cfg=feature="avcodec_version_greater_than_59_61"
  cargo:avcodec_version_greater_than_59_61=true
  cargo:rustc-cfg=feature="avcodec_version_greater_than_59_62"
  cargo:avcodec_version_greater_than_59_62=true
  cargo:rustc-cfg=feature="avcodec_version_greater_than_59_63"
  cargo:avcodec_version_greater_than_59_63=true
  cargo:rustc-cfg=feature="avcodec_version_greater_than_59_64"
  cargo:avcodec_version_greater_than_59_64=true
  cargo:rustc-cfg=feature="avcodec_version_greater_than_59_65"
  cargo:avcodec_version_greater_than_59_65=true
  cargo:rustc-cfg=feature="avcodec_version_greater_than_59_66"
  cargo:avcodec_version_greater_than_59_66=true
  cargo:rustc-cfg=feature="avcodec_version_greater_than_59_67"
  cargo:avcodec_version_greater_than_59_67=true
  cargo:rustc-cfg=feature="avcodec_version_greater_than_59_68"
  cargo:avcodec_version_greater_than_59_68=true
  cargo:rustc-cfg=feature="avcodec_version_greater_than_59_69"
  cargo:avcodec_version_greater_than_59_69=true
  cargo:rustc-cfg=feature="avcodec_version_greater_than_59_70"
  cargo:avcodec_version_greater_than_59_70=true
  cargo:rustc-cfg=feature="avcodec_version_greater_than_59_71"
  cargo:avcodec_version_greater_than_59_71=true
  cargo:rustc-cfg=feature="avcodec_version_greater_than_59_72"
  cargo:avcodec_version_greater_than_59_72=true
  cargo:rustc-cfg=feature="avcodec_version_greater_than_59_73"
  cargo:avcodec_version_greater_than_59_73=true
  cargo:rustc-cfg=feature="avcodec_version_greater_than_59_74"
  cargo:avcodec_version_greater_than_59_74=true
  cargo:rustc-cfg=feature="avcodec_version_greater_than_59_75"
  cargo:avcodec_version_greater_than_59_75=true
  cargo:rustc-cfg=feature="avcodec_version_greater_than_59_76"
  cargo:avcodec_version_greater_than_59_76=true
  cargo:rustc-cfg=feature="avcodec_version_greater_than_59_77"
  cargo:avcodec_version_greater_than_59_77=true
  cargo:rustc-cfg=feature="avcodec_version_greater_than_59_78"
  cargo:avcodec_version_greater_than_59_78=true
  cargo:rustc-cfg=feature="avcodec_version_greater_than_59_79"
  cargo:avcodec_version_greater_than_59_79=true
  cargo:rustc-cfg=feature="avcodec_version_greater_than_59_80"
  cargo:avcodec_version_greater_than_59_80=true
  cargo:rustc-cfg=feature="avcodec_version_greater_than_59_81"
  cargo:avcodec_version_greater_than_59_81=true
  cargo:rustc-cfg=feature="avcodec_version_greater_than_59_82"
  cargo:avcodec_version_greater_than_59_82=true
  cargo:rustc-cfg=feature="avcodec_version_greater_than_59_83"
  cargo:avcodec_version_greater_than_59_83=true
  cargo:rustc-cfg=feature="avcodec_version_greater_than_59_84"
  cargo:avcodec_version_greater_than_59_84=true
  cargo:rustc-cfg=feature="avcodec_version_greater_than_59_85"
  cargo:avcodec_version_greater_than_59_85=true
  cargo:rustc-cfg=feature="avcodec_version_greater_than_59_86"
  cargo:avcodec_version_greater_than_59_86=true
  cargo:rustc-cfg=feature="avcodec_version_greater_than_59_87"
  cargo:avcodec_version_greater_than_59_87=true
  cargo:rustc-cfg=feature="avcodec_version_greater_than_59_88"
  cargo:avcodec_version_greater_than_59_88=true
  cargo:rustc-cfg=feature="avcodec_version_greater_than_59_89"
  cargo:avcodec_version_greater_than_59_89=true
  cargo:rustc-cfg=feature="avcodec_version_greater_than_59_90"
  cargo:avcodec_version_greater_than_59_90=true
  cargo:rustc-cfg=feature="avcodec_version_greater_than_59_91"
  cargo:avcodec_version_greater_than_59_91=true
  cargo:rustc-cfg=feature="avcodec_version_greater_than_59_92"
  cargo:avcodec_version_greater_than_59_92=true
  cargo:rustc-cfg=feature="avcodec_version_greater_than_59_93"
  cargo:avcodec_version_greater_than_59_93=true
  cargo:rustc-cfg=feature="avcodec_version_greater_than_59_94"
  cargo:avcodec_version_greater_than_59_94=true
  cargo:rustc-cfg=feature="avcodec_version_greater_than_59_95"
  cargo:avcodec_version_greater_than_59_95=true
  cargo:rustc-cfg=feature="avcodec_version_greater_than_59_96"
  cargo:avcodec_version_greater_than_59_96=true
  cargo:rustc-cfg=feature="avcodec_version_greater_than_59_97"
  cargo:avcodec_version_greater_than_59_97=true
  cargo:rustc-cfg=feature="avcodec_version_greater_than_59_98"
  cargo:avcodec_version_greater_than_59_98=true
  cargo:rustc-cfg=feature="avcodec_version_greater_than_59_99"
  cargo:avcodec_version_greater_than_59_99=true
  cargo:rustc-cfg=feature="avcodec_version_greater_than_59_100"
  cargo:avcodec_version_greater_than_59_100=true
  cargo:rustc-cfg=feature="avcodec_version_greater_than_59_101"
  cargo:avcodec_version_greater_than_59_101=true
  cargo:rustc-cfg=feature="avcodec_version_greater_than_59_102"
  cargo:avcodec_version_greater_than_59_102=true
  cargo:rustc-cfg=feature="avcodec_version_greater_than_59_103"
  cargo:avcodec_version_greater_than_59_103=true
  cargo:rustc-cfg=feature="avcodec_version_greater_than_59_104"
  cargo:avcodec_version_greater_than_59_104=true
  cargo:rustc-cfg=feature="avcodec_version_greater_than_59_105"
  cargo:avcodec_version_greater_than_59_105=true
  cargo:rustc-cfg=feature="avcodec_version_greater_than_59_106"
  cargo:avcodec_version_greater_than_59_106=true
  cargo:rustc-cfg=feature="avcodec_version_greater_than_59_107"
  cargo:avcodec_version_greater_than_59_107=true
  cargo:rustc-cfg=feature="avcodec_version_greater_than_60_0"
  cargo:avcodec_version_greater_than_60_0=true
  cargo:rustc-cfg=feature="avcodec_version_greater_than_60_1"
  cargo:avcodec_version_greater_than_60_1=true
  cargo:rustc-cfg=feature="avcodec_version_greater_than_60_2"
  cargo:avcodec_version_greater_than_60_2=true
  cargo:rustc-cfg=feature="avcodec_version_greater_than_60_3"
  cargo:avcodec_version_greater_than_60_3=true
  cargo:rustc-cfg=feature="avcodec_version_greater_than_60_4"
  cargo:avcodec_version_greater_than_60_4=true
  cargo:rustc-cfg=feature="avcodec_version_greater_than_60_5"
  cargo:avcodec_version_greater_than_60_5=true
  cargo:rustc-cfg=feature="avcodec_version_greater_than_60_6"
  cargo:avcodec_version_greater_than_60_6=true
  cargo:rustc-cfg=feature="avcodec_version_greater_than_60_7"
  cargo:avcodec_version_greater_than_60_7=true
  cargo:rustc-cfg=feature="avcodec_version_greater_than_60_8"
  cargo:avcodec_version_greater_than_60_8=true
  cargo:rustc-cfg=feature="avcodec_version_greater_than_60_9"
  cargo:avcodec_version_greater_than_60_9=true
  cargo:rustc-cfg=feature="avcodec_version_greater_than_60_10"
  cargo:avcodec_version_greater_than_60_10=true
  cargo:rustc-cfg=feature="avcodec_version_greater_than_60_11"
  cargo:avcodec_version_greater_than_60_11=true
  cargo:rustc-cfg=feature="avcodec_version_greater_than_60_12"
  cargo:avcodec_version_greater_than_60_12=true
  cargo:rustc-cfg=feature="avcodec_version_greater_than_60_13"
  cargo:avcodec_version_greater_than_60_13=true
  cargo:rustc-cfg=feature="avcodec_version_greater_than_60_14"
  cargo:avcodec_version_greater_than_60_14=true
  cargo:rustc-cfg=feature="avcodec_version_greater_than_60_15"
  cargo:avcodec_version_greater_than_60_15=true
  cargo:rustc-cfg=feature="avcodec_version_greater_than_60_16"
  cargo:avcodec_version_greater_than_60_16=true
  cargo:rustc-cfg=feature="avcodec_version_greater_than_60_17"
  cargo:avcodec_version_greater_than_60_17=true
  cargo:rustc-cfg=feature="avcodec_version_greater_than_60_18"
  cargo:avcodec_version_greater_than_60_18=true
  cargo:rustc-cfg=feature="avcodec_version_greater_than_60_19"
  cargo:avcodec_version_greater_than_60_19=true
  cargo:rustc-cfg=feature="avcodec_version_greater_than_60_20"
  cargo:avcodec_version_greater_than_60_20=true
  cargo:rustc-cfg=feature="avcodec_version_greater_than_60_21"
  cargo:avcodec_version_greater_than_60_21=true
  cargo:rustc-cfg=feature="avcodec_version_greater_than_60_22"
  cargo:avcodec_version_greater_than_60_22=true
  cargo:rustc-cfg=feature="avcodec_version_greater_than_60_23"
  cargo:avcodec_version_greater_than_60_23=true
  cargo:rustc-cfg=feature="avcodec_version_greater_than_60_24"
  cargo:avcodec_version_greater_than_60_24=true
  cargo:rustc-cfg=feature="avcodec_version_greater_than_60_25"
  cargo:avcodec_version_greater_than_60_25=true
  cargo:rustc-cfg=feature="avcodec_version_greater_than_60_26"
  cargo:avcodec_version_greater_than_60_26=true
  cargo:rustc-cfg=feature="avcodec_version_greater_than_60_27"
  cargo:avcodec_version_greater_than_60_27=true
  cargo:rustc-cfg=feature="avcodec_version_greater_than_60_28"
  cargo:avcodec_version_greater_than_60_28=true
  cargo:rustc-cfg=feature="avcodec_version_greater_than_60_29"
  cargo:avcodec_version_greater_than_60_29=true
  cargo:rustc-cfg=feature="avcodec_version_greater_than_60_30"
  cargo:avcodec_version_greater_than_60_30=true
  cargo:rustc-cfg=feature="avcodec_version_greater_than_60_31"
  cargo:avcodec_version_greater_than_60_31=true
  cargo:rustc-cfg=feature="avcodec_version_greater_than_60_32"
  cargo:avcodec_version_greater_than_60_32=true
  cargo:rustc-cfg=feature="avcodec_version_greater_than_60_33"
  cargo:avcodec_version_greater_than_60_33=true
  cargo:rustc-cfg=feature="avcodec_version_greater_than_60_34"
  cargo:avcodec_version_greater_than_60_34=true
  cargo:rustc-cfg=feature="avcodec_version_greater_than_60_35"
  cargo:avcodec_version_greater_than_60_35=true
  cargo:rustc-cfg=feature="avcodec_version_greater_than_60_36"
  cargo:avcodec_version_greater_than_60_36=true
  cargo:rustc-cfg=feature="avcodec_version_greater_than_60_37"
  cargo:avcodec_version_greater_than_60_37=true
  cargo:rustc-cfg=feature="avcodec_version_greater_than_60_38"
  cargo:avcodec_version_greater_than_60_38=true
  cargo:rustc-cfg=feature="avcodec_version_greater_than_60_39"
  cargo:avcodec_version_greater_than_60_39=true
  cargo:rustc-cfg=feature="avcodec_version_greater_than_60_40"
  cargo:avcodec_version_greater_than_60_40=true
  cargo:rustc-cfg=feature="avcodec_version_greater_than_60_41"
  cargo:avcodec_version_greater_than_60_41=true
  cargo:rustc-cfg=feature="avcodec_version_greater_than_60_42"
  cargo:avcodec_version_greater_than_60_42=true
  cargo:rustc-cfg=feature="avcodec_version_greater_than_60_43"
  cargo:avcodec_version_greater_than_60_43=true
  cargo:rustc-cfg=feature="avcodec_version_greater_than_60_44"
  cargo:avcodec_version_greater_than_60_44=true
  cargo:rustc-cfg=feature="avcodec_version_greater_than_60_45"
  cargo:avcodec_version_greater_than_60_45=true
  cargo:rustc-cfg=feature="avcodec_version_greater_than_60_46"
  cargo:avcodec_version_greater_than_60_46=true
  cargo:rustc-cfg=feature="avcodec_version_greater_than_60_47"
  cargo:avcodec_version_greater_than_60_47=true
  cargo:rustc-cfg=feature="avcodec_version_greater_than_60_48"
  cargo:avcodec_version_greater_than_60_48=true
  cargo:rustc-cfg=feature="avcodec_version_greater_than_60_49"
  cargo:avcodec_version_greater_than_60_49=true
  cargo:rustc-cfg=feature="avcodec_version_greater_than_60_50"
  cargo:avcodec_version_greater_than_60_50=true
  cargo:rustc-cfg=feature="avcodec_version_greater_than_60_51"
  cargo:avcodec_version_greater_than_60_51=true
  cargo:rustc-cfg=feature="avcodec_version_greater_than_60_52"
  cargo:avcodec_version_greater_than_60_52=true
  cargo:rustc-cfg=feature="avcodec_version_greater_than_60_53"
  cargo:avcodec_version_greater_than_60_53=true
  cargo:rustc-cfg=feature="avcodec_version_greater_than_60_54"
  cargo:avcodec_version_greater_than_60_54=true
  cargo:rustc-cfg=feature="avcodec_version_greater_than_60_55"
  cargo:avcodec_version_greater_than_60_55=true
  cargo:rustc-cfg=feature="avcodec_version_greater_than_60_56"
  cargo:avcodec_version_greater_than_60_56=true
  cargo:rustc-cfg=feature="avcodec_version_greater_than_60_57"
  cargo:avcodec_version_greater_than_60_57=true
  cargo:rustc-cfg=feature="avcodec_version_greater_than_60_58"
  cargo:avcodec_version_greater_than_60_58=true
  cargo:rustc-cfg=feature="avcodec_version_greater_than_60_59"
  cargo:avcodec_version_greater_than_60_59=true
  cargo:rustc-cfg=feature="avcodec_version_greater_than_60_60"
  cargo:avcodec_version_greater_than_60_60=true
  cargo:rustc-cfg=feature="avcodec_version_greater_than_60_61"
  cargo:avcodec_version_greater_than_60_61=true
  cargo:rustc-cfg=feature="avcodec_version_greater_than_60_62"
  cargo:avcodec_version_greater_than_60_62=true
  cargo:rustc-cfg=feature="avcodec_version_greater_than_60_63"
  cargo:avcodec_version_greater_than_60_63=true
  cargo:rustc-cfg=feature="avcodec_version_greater_than_60_64"
  cargo:avcodec_version_greater_than_60_64=true
  cargo:rustc-cfg=feature="avcodec_version_greater_than_60_65"
  cargo:avcodec_version_greater_than_60_65=true
  cargo:rustc-cfg=feature="avcodec_version_greater_than_60_66"
  cargo:avcodec_version_greater_than_60_66=true
  cargo:rustc-cfg=feature="avcodec_version_greater_than_60_67"
  cargo:avcodec_version_greater_than_60_67=true
  cargo:rustc-cfg=feature="avcodec_version_greater_than_60_68"
  cargo:avcodec_version_greater_than_60_68=true
  cargo:rustc-cfg=feature="avcodec_version_greater_than_60_69"
  cargo:avcodec_version_greater_than_60_69=true
  cargo:rustc-cfg=feature="avcodec_version_greater_than_60_70"
  cargo:avcodec_version_greater_than_60_70=true
  cargo:rustc-cfg=feature="avcodec_version_greater_than_60_71"
  cargo:avcodec_version_greater_than_60_71=true
  cargo:rustc-cfg=feature="avcodec_version_greater_than_60_72"
  cargo:avcodec_version_greater_than_60_72=true
  cargo:rustc-cfg=feature="avcodec_version_greater_than_60_73"
  cargo:avcodec_version_greater_than_60_73=true
  cargo:rustc-cfg=feature="avcodec_version_greater_than_60_74"
  cargo:avcodec_version_greater_than_60_74=true
  cargo:rustc-cfg=feature="avcodec_version_greater_than_60_75"
  cargo:avcodec_version_greater_than_60_75=true
  cargo:rustc-cfg=feature="avcodec_version_greater_than_60_76"
  cargo:avcodec_version_greater_than_60_76=true
  cargo:rustc-cfg=feature="avcodec_version_greater_than_60_77"
  cargo:avcodec_version_greater_than_60_77=true
  cargo:rustc-cfg=feature="avcodec_version_greater_than_60_78"
  cargo:avcodec_version_greater_than_60_78=true
  cargo:rustc-cfg=feature="avcodec_version_greater_than_60_79"
  cargo:avcodec_version_greater_than_60_79=true
  cargo:rustc-cfg=feature="avcodec_version_greater_than_60_80"
  cargo:avcodec_version_greater_than_60_80=true
  cargo:rustc-cfg=feature="avcodec_version_greater_than_60_81"
  cargo:avcodec_version_greater_than_60_81=true
  cargo:rustc-cfg=feature="avcodec_version_greater_than_60_82"
  cargo:avcodec_version_greater_than_60_82=true
  cargo:rustc-cfg=feature="avcodec_version_greater_than_60_83"
  cargo:avcodec_version_greater_than_60_83=true
  cargo:rustc-cfg=feature="avcodec_version_greater_than_60_84"
  cargo:avcodec_version_greater_than_60_84=true
  cargo:rustc-cfg=feature="avcodec_version_greater_than_60_85"
  cargo:avcodec_version_greater_than_60_85=true
  cargo:rustc-cfg=feature="avcodec_version_greater_than_60_86"
  cargo:avcodec_version_greater_than_60_86=true
  cargo:rustc-cfg=feature="avcodec_version_greater_than_60_87"
  cargo:avcodec_version_greater_than_60_87=true
  cargo:rustc-cfg=feature="avcodec_version_greater_than_60_88"
  cargo:avcodec_version_greater_than_60_88=true
  cargo:rustc-cfg=feature="avcodec_version_greater_than_60_89"
  cargo:avcodec_version_greater_than_60_89=true
  cargo:rustc-cfg=feature="avcodec_version_greater_than_60_90"
  cargo:avcodec_version_greater_than_60_90=true
  cargo:rustc-cfg=feature="avcodec_version_greater_than_60_91"
  cargo:avcodec_version_greater_than_60_91=true
  cargo:rustc-cfg=feature="avcodec_version_greater_than_60_92"
  cargo:avcodec_version_greater_than_60_92=true
  cargo:rustc-cfg=feature="avcodec_version_greater_than_60_93"
  cargo:avcodec_version_greater_than_60_93=true
  cargo:rustc-cfg=feature="avcodec_version_greater_than_60_94"
  cargo:avcodec_version_greater_than_60_94=true
  cargo:rustc-cfg=feature="avcodec_version_greater_than_60_95"
  cargo:avcodec_version_greater_than_60_95=true
  cargo:rustc-cfg=feature="avcodec_version_greater_than_60_96"
  cargo:avcodec_version_greater_than_60_96=true
  cargo:rustc-cfg=feature="avcodec_version_greater_than_60_97"
  cargo:avcodec_version_greater_than_60_97=true
  cargo:rustc-cfg=feature="avcodec_version_greater_than_60_98"
  cargo:avcodec_version_greater_than_60_98=true
  cargo:rustc-cfg=feature="avcodec_version_greater_than_60_99"
  cargo:avcodec_version_greater_than_60_99=true
  cargo:rustc-cfg=feature="avcodec_version_greater_than_60_100"
  cargo:avcodec_version_greater_than_60_100=true
  cargo:rustc-cfg=feature="avcodec_version_greater_than_60_101"
  cargo:avcodec_version_greater_than_60_101=true
  cargo:rustc-cfg=feature="avcodec_version_greater_than_60_102"
  cargo:avcodec_version_greater_than_60_102=true
  cargo:rustc-cfg=feature="avcodec_version_greater_than_60_103"
  cargo:avcodec_version_greater_than_60_103=true
  cargo:rustc-cfg=feature="avcodec_version_greater_than_60_104"
  cargo:avcodec_version_greater_than_60_104=true
  cargo:rustc-cfg=feature="avcodec_version_greater_than_60_105"
  cargo:avcodec_version_greater_than_60_105=true
  cargo:rustc-cfg=feature="avcodec_version_greater_than_60_106"
  cargo:avcodec_version_greater_than_60_106=true
  cargo:rustc-cfg=feature="avcodec_version_greater_than_60_107"
  cargo:avcodec_version_greater_than_60_107=true
  cargo:rustc-cfg=feature="avcodec_version_greater_than_61_0"
  cargo:avcodec_version_greater_than_61_0=true
  cargo:rustc-cfg=feature="avcodec_version_greater_than_61_1"
  cargo:avcodec_version_greater_than_61_1=true
  cargo:rustc-cfg=feature="avcodec_version_greater_than_61_2"
  cargo:avcodec_version_greater_than_61_2=true
  cargo:rustc-cfg=feature="avcodec_version_greater_than_61_3"
  cargo:avcodec_version_greater_than_61_3=true
  cargo:rustc-cfg=feature="avcodec_version_greater_than_61_4"
  cargo:avcodec_version_greater_than_61_4=true
  cargo:rustc-cfg=feature="avcodec_version_greater_than_61_5"
  cargo:avcodec_version_greater_than_61_5=true
  cargo:rustc-cfg=feature="avcodec_version_greater_than_61_6"
  cargo:avcodec_version_greater_than_61_6=true
  cargo:rustc-cfg=feature="avcodec_version_greater_than_61_7"
  cargo:avcodec_version_greater_than_61_7=true
  cargo:rustc-cfg=feature="avcodec_version_greater_than_61_8"
  cargo:avcodec_version_greater_than_61_8=true
  cargo:rustc-cfg=feature="avcodec_version_greater_than_61_9"
  cargo:avcodec_version_greater_than_61_9=true
  cargo:rustc-cfg=feature="avcodec_version_greater_than_61_10"
  cargo:avcodec_version_greater_than_61_10=true
  cargo:rustc-cfg=feature="avcodec_version_greater_than_61_11"
  cargo:avcodec_version_greater_than_61_11=true
  cargo:rustc-cfg=feature="avcodec_version_greater_than_61_12"
  cargo:avcodec_version_greater_than_61_12=true
  cargo:rustc-cfg=feature="avcodec_version_greater_than_61_13"
  cargo:avcodec_version_greater_than_61_13=true
  cargo:rustc-cfg=feature="avcodec_version_greater_than_61_14"
  cargo:avcodec_version_greater_than_61_14=true
  cargo:rustc-cfg=feature="avcodec_version_greater_than_61_15"
  cargo:avcodec_version_greater_than_61_15=true
  cargo:rustc-cfg=feature="avcodec_version_greater_than_61_16"
  cargo:avcodec_version_greater_than_61_16=true
  cargo:rustc-cfg=feature="avcodec_version_greater_than_61_17"
  cargo:avcodec_version_greater_than_61_17=true
  cargo:rustc-cfg=feature="avcodec_version_greater_than_61_18"
  cargo:avcodec_version_greater_than_61_18=true
  cargo:rustc-cfg=feature="avcodec_version_greater_than_61_19"
  cargo:avcodec_version_greater_than_61_19=true
  cargo:rustc-cfg=feature="avcodec_version_greater_than_61_20"
  cargo:avcodec_version_greater_than_61_20=true
  cargo:rustc-cfg=feature="avcodec_version_greater_than_61_21"
  cargo:avcodec_version_greater_than_61_21=true
  cargo:rustc-cfg=feature="avcodec_version_greater_than_61_22"
  cargo:avcodec_version_greater_than_61_22=true
  cargo:rustc-cfg=feature="avcodec_version_greater_than_61_23"
  cargo:avcodec_version_greater_than_61_23=true
  cargo:rustc-cfg=feature="avcodec_version_greater_than_61_24"
  cargo:avcodec_version_greater_than_61_24=true
  cargo:rustc-cfg=feature="avcodec_version_greater_than_61_25"
  cargo:avcodec_version_greater_than_61_25=true
  cargo:rustc-cfg=feature="avcodec_version_greater_than_61_26"
  cargo:avcodec_version_greater_than_61_26=true
  cargo:rustc-cfg=feature="avcodec_version_greater_than_61_27"
  cargo:avcodec_version_greater_than_61_27=true
  cargo:rustc-cfg=feature="avcodec_version_greater_than_61_28"
  cargo:avcodec_version_greater_than_61_28=true
  cargo:rustc-cfg=feature="avcodec_version_greater_than_61_29"
  cargo:avcodec_version_greater_than_61_29=true
  cargo:rustc-cfg=feature="avcodec_version_greater_than_61_30"
  cargo:avcodec_version_greater_than_61_30=true
  cargo:rustc-cfg=feature="avcodec_version_greater_than_61_31"
  cargo:avcodec_version_greater_than_61_31=true
  cargo:rustc-cfg=feature="avcodec_version_greater_than_61_32"
  cargo:avcodec_version_greater_than_61_32=true
  cargo:rustc-cfg=feature="avcodec_version_greater_than_61_33"
  cargo:avcodec_version_greater_than_61_33=true
  cargo:rustc-cfg=feature="avcodec_version_greater_than_61_34"
  cargo:avcodec_version_greater_than_61_34=true
  cargo:rustc-cfg=feature="avcodec_version_greater_than_61_35"
  cargo:avcodec_version_greater_than_61_35=true
  cargo:rustc-cfg=feature="avcodec_version_greater_than_61_36"
  cargo:avcodec_version_greater_than_61_36=true
  cargo:rustc-cfg=feature="avcodec_version_greater_than_61_37"
  cargo:avcodec_version_greater_than_61_37=true
  cargo:rustc-cfg=feature="avcodec_version_greater_than_61_38"
  cargo:avcodec_version_greater_than_61_38=true
  cargo:rustc-cfg=feature="avcodec_version_greater_than_61_39"
  cargo:avcodec_version_greater_than_61_39=true
  cargo:rustc-cfg=feature="avcodec_version_greater_than_61_40"
  cargo:avcodec_version_greater_than_61_40=true
  cargo:rustc-cfg=feature="avcodec_version_greater_than_61_41"
  cargo:avcodec_version_greater_than_61_41=true
  cargo:rustc-cfg=feature="avcodec_version_greater_than_61_42"
  cargo:avcodec_version_greater_than_61_42=true
  cargo:rustc-cfg=feature="avcodec_version_greater_than_61_43"
  cargo:avcodec_version_greater_than_61_43=true
  cargo:rustc-cfg=feature="avcodec_version_greater_than_61_44"
  cargo:avcodec_version_greater_than_61_44=true
  cargo:rustc-cfg=feature="avcodec_version_greater_than_61_45"
  cargo:avcodec_version_greater_than_61_45=true
  cargo:rustc-cfg=feature="avcodec_version_greater_than_61_46"
  cargo:avcodec_version_greater_than_61_46=true
  cargo:rustc-cfg=feature="avcodec_version_greater_than_61_47"
  cargo:avcodec_version_greater_than_61_47=true
  cargo:rustc-cfg=feature="avcodec_version_greater_than_61_48"
  cargo:avcodec_version_greater_than_61_48=true
  cargo:rustc-cfg=feature="avcodec_version_greater_than_61_49"
  cargo:avcodec_version_greater_than_61_49=true
  cargo:rustc-cfg=feature="avcodec_version_greater_than_61_50"
  cargo:avcodec_version_greater_than_61_50=true
  cargo:rustc-cfg=feature="avcodec_version_greater_than_61_51"
  cargo:avcodec_version_greater_than_61_51=true
  cargo:rustc-cfg=feature="avcodec_version_greater_than_61_52"
  cargo:avcodec_version_greater_than_61_52=true
  cargo:rustc-cfg=feature="avcodec_version_greater_than_61_53"
  cargo:avcodec_version_greater_than_61_53=true
  cargo:rustc-cfg=feature="avcodec_version_greater_than_61_54"
  cargo:avcodec_version_greater_than_61_54=true
  cargo:rustc-cfg=feature="avcodec_version_greater_than_61_55"
  cargo:avcodec_version_greater_than_61_55=true
  cargo:rustc-cfg=feature="avcodec_version_greater_than_61_56"
  cargo:avcodec_version_greater_than_61_56=true
  cargo:rustc-cfg=feature="avcodec_version_greater_than_61_57"
  cargo:avcodec_version_greater_than_61_57=true
  cargo:rustc-cfg=feature="avcodec_version_greater_than_61_58"
  cargo:avcodec_version_greater_than_61_58=true
  cargo:rustc-cfg=feature="avcodec_version_greater_than_61_59"
  cargo:avcodec_version_greater_than_61_59=true
  cargo:rustc-cfg=feature="avcodec_version_greater_than_61_60"
  cargo:avcodec_version_greater_than_61_60=true
  cargo:rustc-cfg=feature="avcodec_version_greater_than_61_61"
  cargo:avcodec_version_greater_than_61_61=true
  cargo:rustc-cfg=feature="avcodec_version_greater_than_61_62"
  cargo:avcodec_version_greater_than_61_62=true
  cargo:rustc-cfg=feature="avcodec_version_greater_than_61_63"
  cargo:avcodec_version_greater_than_61_63=true
  cargo:rustc-cfg=feature="avcodec_version_greater_than_61_64"
  cargo:avcodec_version_greater_than_61_64=true
  cargo:rustc-cfg=feature="avcodec_version_greater_than_61_65"
  cargo:avcodec_version_greater_than_61_65=true
  cargo:rustc-cfg=feature="avcodec_version_greater_than_61_66"
  cargo:avcodec_version_greater_than_61_66=true
  cargo:rustc-cfg=feature="avcodec_version_greater_than_61_67"
  cargo:avcodec_version_greater_than_61_67=true
  cargo:rustc-cfg=feature="avcodec_version_greater_than_61_68"
  cargo:avcodec_version_greater_than_61_68=true
  cargo:rustc-cfg=feature="avcodec_version_greater_than_61_69"
  cargo:avcodec_version_greater_than_61_69=true
  cargo:rustc-cfg=feature="avcodec_version_greater_than_61_70"
  cargo:avcodec_version_greater_than_61_70=true
  cargo:rustc-cfg=feature="avcodec_version_greater_than_61_71"
  cargo:avcodec_version_greater_than_61_71=true
  cargo:rustc-cfg=feature="avcodec_version_greater_than_61_72"
  cargo:avcodec_version_greater_than_61_72=true
  cargo:rustc-cfg=feature="avcodec_version_greater_than_61_73"
  cargo:avcodec_version_greater_than_61_73=true
  cargo:rustc-cfg=feature="avcodec_version_greater_than_61_74"
  cargo:avcodec_version_greater_than_61_74=true
  cargo:rustc-cfg=feature="avcodec_version_greater_than_61_75"
  cargo:avcodec_version_greater_than_61_75=true
  cargo:rustc-cfg=feature="avcodec_version_greater_than_61_76"
  cargo:avcodec_version_greater_than_61_76=true
  cargo:rustc-cfg=feature="avcodec_version_greater_than_61_77"
  cargo:avcodec_version_greater_than_61_77=true
  cargo:rustc-cfg=feature="avcodec_version_greater_than_61_78"
  cargo:avcodec_version_greater_than_61_78=true
  cargo:rustc-cfg=feature="avcodec_version_greater_than_61_79"
  cargo:avcodec_version_greater_than_61_79=true
  cargo:rustc-cfg=feature="avcodec_version_greater_than_61_80"
  cargo:avcodec_version_greater_than_61_80=true
  cargo:rustc-cfg=feature="avcodec_version_greater_than_61_81"
  cargo:avcodec_version_greater_than_61_81=true
  cargo:rustc-cfg=feature="avcodec_version_greater_than_61_82"
  cargo:avcodec_version_greater_than_61_82=true
  cargo:rustc-cfg=feature="avcodec_version_greater_than_61_83"
  cargo:avcodec_version_greater_than_61_83=true
  cargo:rustc-cfg=feature="avcodec_version_greater_than_61_84"
  cargo:avcodec_version_greater_than_61_84=true
  cargo:rustc-cfg=feature="avcodec_version_greater_than_61_85"
  cargo:avcodec_version_greater_than_61_85=true
  cargo:rustc-cfg=feature="avcodec_version_greater_than_61_86"
  cargo:avcodec_version_greater_than_61_86=true
  cargo:rustc-cfg=feature="avcodec_version_greater_than_61_87"
  cargo:avcodec_version_greater_than_61_87=true
  cargo:rustc-cfg=feature="avcodec_version_greater_than_61_88"
  cargo:avcodec_version_greater_than_61_88=true
  cargo:rustc-cfg=feature="avcodec_version_greater_than_61_89"
  cargo:avcodec_version_greater_than_61_89=true
  cargo:rustc-cfg=feature="avcodec_version_greater_than_61_90"
  cargo:avcodec_version_greater_than_61_90=true
  cargo:rustc-cfg=feature="avcodec_version_greater_than_61_91"
  cargo:avcodec_version_greater_than_61_91=true
  cargo:rustc-cfg=feature="avcodec_version_greater_than_61_92"
  cargo:avcodec_version_greater_than_61_92=true
  cargo:rustc-cfg=feature="avcodec_version_greater_than_61_93"
  cargo:avcodec_version_greater_than_61_93=true
  cargo:rustc-cfg=feature="avcodec_version_greater_than_61_94"
  cargo:avcodec_version_greater_than_61_94=true
  cargo:rustc-cfg=feature="avcodec_version_greater_than_61_95"
  cargo:avcodec_version_greater_than_61_95=true
  cargo:rustc-cfg=feature="avcodec_version_greater_than_61_96"
  cargo:avcodec_version_greater_than_61_96=true
  cargo:rustc-cfg=feature="avcodec_version_greater_than_61_97"
  cargo:avcodec_version_greater_than_61_97=true
  cargo:rustc-cfg=feature="avcodec_version_greater_than_61_98"
  cargo:avcodec_version_greater_than_61_98=true
  cargo:rustc-cfg=feature="avcodec_version_greater_than_61_99"
  cargo:avcodec_version_greater_than_61_99=true
  cargo:rustc-cfg=feature="avcodec_version_greater_than_61_100"
  cargo:avcodec_version_greater_than_61_100=true
  cargo:rustc-cfg=feature="avcodec_version_greater_than_61_101"
  cargo:avcodec_version_greater_than_61_101=true
  cargo:rustc-cfg=feature="avcodec_version_greater_than_61_102"
  cargo:avcodec_version_greater_than_61_102=true
  cargo:rustc-cfg=feature="avcodec_version_greater_than_61_103"
  cargo:avcodec_version_greater_than_61_103=true
  cargo:rustc-cfg=feature="avcodec_version_greater_than_61_104"
  cargo:avcodec_version_greater_than_61_104=true
  cargo:rustc-cfg=feature="avcodec_version_greater_than_61_105"
  cargo:avcodec_version_greater_than_61_105=true
  cargo:rustc-cfg=feature="avcodec_version_greater_than_61_106"
  cargo:avcodec_version_greater_than_61_106=true
  cargo:rustc-cfg=feature="avcodec_version_greater_than_61_107"
  cargo:avcodec_version_greater_than_61_107=true
  cargo:rustc-cfg=feature="ffmpeg_3_0"
  cargo:ffmpeg_3_0=true
  cargo:rustc-cfg=feature="ffmpeg_3_1"
  cargo:ffmpeg_3_1=true
  cargo:rustc-cfg=feature="ffmpeg_3_2"
  cargo:ffmpeg_3_2=true
  cargo:rustc-cfg=feature="ffmpeg_3_3"
  cargo:ffmpeg_3_3=true
  cargo:rustc-cfg=feature="ffmpeg_3_1"
  cargo:ffmpeg_3_1=true
  cargo:rustc-cfg=feature="ffmpeg_4_0"
  cargo:ffmpeg_4_0=true
  cargo:rustc-cfg=feature="ffmpeg_4_1"
  cargo:ffmpeg_4_1=true
  cargo:rustc-cfg=feature="ffmpeg_4_2"
  cargo:ffmpeg_4_2=true
  cargo:rustc-cfg=feature="ffmpeg_4_3"
  cargo:ffmpeg_4_3=true
  cargo:rustc-cfg=feature="ffmpeg_4_4"
  cargo:ffmpeg_4_4=true
  cargo:rustc-cfg=feature="ffmpeg_5_0"
  cargo:ffmpeg_5_0=true
  cargo:rustc-cfg=feature="ffmpeg_5_1"
  cargo:ffmpeg_5_1=true
  cargo:rustc-cfg=feature="ffmpeg_6_0"
  cargo:ffmpeg_6_0=true
  cargo:rustc-cfg=feature="ffmpeg_6_1"
  cargo:ffmpeg_6_1=true
  cargo:rustc-cfg=feature="ffmpeg_7_0"
  cargo:ffmpeg_7_0=true
  cargo:rustc-cfg=feature="ffmpeg_7_1"
  cargo:ffmpeg_7_1=true

  --- stderr
  cl : Command line warning D9035 : option 'o' has been deprecated and 
will be removed in a future release
  fatal error: '/usr/include/libavcodec/avfft.h' file not found

  thread 'main' (24988) panicked at D:\cargo\registry\src\index.crates.i
o-1949cf8c6b5b557f\ffmpeg-sys-next-7.1.3\build.rs:1619:10:
  Unable to generate bindings: ClangDiagnostic("fatal error: 
'/usr/include/libavcodec/avfft.h' file not found\n")
  note: run with `RUST_BACKTRACE=1` environment variable to display a 
backtrace
