[2026-04-04T19:03:30.031Z INFO  scrcpyrust] scrcpyrust 0.1.0 — Rust scrcpy client
[2026-04-04T19:03:30.049Z INFO  scrcpyrust] Using device: R5CN2171DFN
[2026-04-04T19:03:30.049Z INFO  scrcpyrust] Server: E:\projects1\scrcpyrust\target\release\scrcpy-server
[2026-04-04T19:03:30.049Z INFO  scrcpyrust::adb::commands] Pushing E:\projects1\scrcpyrust\target\release\scrcpy-server to /data/local/tmp/scrcpy-server.jar...
[2026-04-04T19:03:30.093Z INFO  scrcpyrust::adb::tunnel] Listening on port 27183 (reverse)
[2026-04-04T19:03:30.094Z INFO  scrcpyrust] Starting scrcpy server...
[2026-04-04T19:03:30.096Z INFO  scrcpyrust] Connecting to server...
[2026-04-04T19:03:30.448Z INFO  scrcpyrust::server::connection] Device: SM-G986U
[2026-04-04T19:03:30.482Z INFO  scrcpyrust::media::demuxer] Video: H264 1080x2400
[2026-04-04T19:03:30.547Z INFO  scrcpyrust::display::fps_counter] FPS counter started
[2026-04-04T19:03:30.548Z INFO  scrcpyrust] Entering event loop...
[2026-04-04T19:03:30.573Z INFO  scrcpyrust::media::decoder] Hardware acceleration enabled: d3d11va
[2026-04-04T19:03:30.573Z INFO  scrcpyrust::media::decoder] Video decoder: H264 (hardware accelerated)
[2026-04-04T19:03:31.556Z INFO  scrcpyrust::display::fps_counter] 49.6 fps
[2026-04-04T19:03:32.574Z INFO  scrcpyrust::display::fps_counter] 59.0 fps
[2026-04-04T19:03:33.590Z INFO  scrcpyrust::display::fps_counter] 56.1 fps
[2026-04-04T19:03:34.593Z INFO  scrcpyrust::display::fps_counter] 50.8 fps
[2026-04-04T19:03:35.605Z INFO  scrcpyrust::display::fps_counter] 52.4 fps
[2026-04-04T19:03:36.606Z INFO  scrcpyrust::display::fps_counter] 59.0 fps
[2026-04-04T19:03:37.625Z INFO  scrcpyrust::display::fps_counter] 58.9 fps
[2026-04-04T19:03:38.639Z INFO  scrcpyrust::display::fps_counter] 60.1 fps
[2026-04-04T19:03:39.658Z INFO  scrcpyrust::display::fps_counter] 55.9 fps
[2026-04-04T19:03:40.669Z INFO  scrcpyrust::display::fps_counter] 61.4 fps
[2026-04-04T19:03:41.711Z INFO  scrcpyrust::display::fps_counter] 48.0 fps
[2026-04-04T19:03:42.721Z INFO  scrcpyrust::display::fps_counter] 37.6 fps
[2026-04-04T19:03:43.734Z INFO  scrcpyrust::display::fps_counter] 60.3 fps
[2026-04-04T19:03:44.843Z INFO  scrcpyrust::display::fps_counter] 55.0 fps
